// Jest Snapshot v1, https://goo.gl/fbAQLP

exports[`importHermesProfileSimple simple 1`] = `
Object {
  "frames": Array [
    Frame {
      "col": 0,
      "file": "",
      "key": "[root]::0:0",
      "line": 0,
      "name": "[root]",
      "selfWeight": 30779,
      "totalWeight": 64710,
    },
    Frame {
      "col": 1,
      "file": "http://localhost:8081/index.bundle?platform=android&dev=false&minify=false&app=org.toshi&modulesOnly=false&runModule=true",
      "key": "function1:http://localhost:8081/index.bundle?platform=android&dev=false&minify=false&app=org.toshi&modulesOnly=false&runModule=true:1:1",
      "line": 1,
      "name": "function1",
      "selfWeight": 13326,
      "totalWeight": 13326,
    },
    Frame {
      "col": 4,
      "file": "http://localhost:8081/index.bundle?platform=android&dev=false&minify=false&app=org.toshi&modulesOnly=false&runModule=true",
      "key": "function2:http://localhost:8081/index.bundle?platform=android&dev=false&minify=false&app=org.toshi&modulesOnly=false&runModule=true:418874:4",
      "line": 418874,
      "name": "function2",
      "selfWeight": 0,
      "totalWeight": 10605,
    },
    Frame {
      "col": 3,
      "file": "http://localhost:8081/index.bundle?platform=android&dev=false&minify=false&app=org.toshi&modulesOnly=false&runModule=true",
      "key": "function3:http://localhost:8081/index.bundle?platform=android&dev=false&minify=false&app=org.toshi&modulesOnly=false&runModule=true:17:3",
      "line": 17,
      "name": "function3",
      "selfWeight": 10605,
      "totalWeight": 10605,
    },
    Frame {
      "col": 0,
      "file": "",
      "key": "[GC Young Gen]::0:0",
      "line": 0,
      "name": "[GC Young Gen]",
      "selfWeight": 10000,
      "totalWeight": 10000,
    },
  ],
  "name": "Hermes Profile",
  "stacks": Array [
    "[root] 20.77ms",
    "[root];function1 13.33ms",
    "[root];function2;function3 10.61ms",
    "[root] 10.01ms",
    "[root];[GC Young Gen] 10.00ms",
  ],
}
`;

exports[`importHermesProfileSimple simple: indexToView 1`] = `0`;

exports[`importHermesProfileSimple simple: profileGroup.name 1`] = `"Hermes Profile"`;
