// Jest Snapshot v1, https://goo.gl/fbAQLP

exports[`importFromPapyrus script profile 1`] = `
Object {
  "frames": Array [
    Frame {
      "col": undefined,
      "file": undefined,
      "key": "abc_example_quest..exampleFunction1",
      "line": undefined,
      "name": "abc_example_quest..exampleFunction1",
      "selfWeight": 0,
      "totalWeight": 0,
    },
    Frame {
      "col": undefined,
      "file": undefined,
      "key": "STACK 3053",
      "line": undefined,
      "name": "STACK 3053",
      "selfWeight": 84848,
      "totalWeight": 84848,
    },
    Frame {
      "col": undefined,
      "file": undefined,
      "key": "abc_example_quest..exampleFunction2",
      "line": undefined,
      "name": "abc_example_quest..exampleFunction2",
      "selfWeight": 0,
      "totalWeight": 0,
    },
    Frame {
      "col": undefined,
      "file": undefined,
      "key": "abc_example_quest..exampleFunction3",
      "line": undefined,
      "name": "abc_example_quest..exampleFunction3",
      "selfWeight": 0,
      "totalWeight": 0,
    },
    Frame {
      "col": undefined,
      "file": undefined,
      "key": "abc_example_quest..exampleFunction4",
      "line": undefined,
      "name": "abc_example_quest..exampleFunction4",
      "selfWeight": 0,
      "totalWeight": 0,
    },
    Frame {
      "col": undefined,
      "file": undefined,
      "key": "abc_example_quest..exampleFunction5",
      "line": undefined,
      "name": "abc_example_quest..exampleFunction5",
      "selfWeight": 0,
      "totalWeight": 0,
    },
    Frame {
      "col": undefined,
      "file": undefined,
      "key": "abc_example_quest..exampleFunction6",
      "line": undefined,
      "name": "abc_example_quest..exampleFunction6",
      "selfWeight": 0,
      "totalWeight": 0,
    },
  ],
  "name": "script.log",
  "stacks": Array [
    "STACK 3053 1:24",
  ],
}
`;

exports[`importFromPapyrus script profile: indexToView 1`] = `0`;

exports[`importFromPapyrus script profile: profileGroup.name 1`] = `"script.log"`;

exports[`importFromPapyrus stack profile 1`] = `
Object {
  "frames": Array [
    Frame {
      "col": undefined,
      "file": undefined,
      "key": "STACK 3185",
      "line": undefined,
      "name": "STACK 3185",
      "selfWeight": 33,
      "totalWeight": 617,
    },
    Frame {
      "col": undefined,
      "file": undefined,
      "key": "Form..GetFormID",
      "line": undefined,
      "name": "Form..GetFormID",
      "selfWeight": 0,
      "totalWeight": 0,
    },
    Frame {
      "col": undefined,
      "file": undefined,
      "key": "abc_example_mod_quest..exampleFunction1",
      "line": undefined,
      "name": "abc_example_mod_quest..exampleFunction1",
      "selfWeight": 17,
      "totalWeight": 17,
    },
    Frame {
      "col": undefined,
      "file": undefined,
      "key": "Game..GetModName",
      "line": undefined,
      "name": "Game..GetModName",
      "selfWeight": 0,
      "totalWeight": 0,
    },
    Frame {
      "col": undefined,
      "file": undefined,
      "key": "QUEUE Cell..IsInterior",
      "line": undefined,
      "name": "QUEUE Cell..IsInterior",
      "selfWeight": 16,
      "totalWeight": 16,
    },
    Frame {
      "col": undefined,
      "file": undefined,
      "key": "Cell..IsInterior",
      "line": undefined,
      "name": "Cell..IsInterior",
      "selfWeight": 0,
      "totalWeight": 0,
    },
    Frame {
      "col": undefined,
      "file": undefined,
      "key": "QUEUE utility..WaitMenuMode",
      "line": undefined,
      "name": "QUEUE utility..WaitMenuMode",
      "selfWeight": 17,
      "totalWeight": 551,
    },
    Frame {
      "col": undefined,
      "file": undefined,
      "key": "utility..WaitMenuMode",
      "line": undefined,
      "name": "utility..WaitMenuMode",
      "selfWeight": 534,
      "totalWeight": 534,
    },
  ],
  "name": "stack.log",
  "stacks": Array [
    "STACK 3185 16.00ms",
    "STACK 3185;abc_example_mod_quest..exampleFunction1 17.00ms",
    "STACK 3185;QUEUE Cell..IsInterior 16.00ms",
    "STACK 3185;QUEUE utility..WaitMenuMode 17.00ms",
    "STACK 3185;QUEUE utility..WaitMenuMode;utility..WaitMenuMode 534.00ms",
    "STACK 3185 17.00ms",
  ],
}
`;

exports[`importFromPapyrus stack profile: indexToView 1`] = `0`;

exports[`importFromPapyrus stack profile: profileGroup.name 1`] = `"stack.log"`;
