// Jest Snapshot v1, https://goo.gl/fbAQLP

exports[`importAsPprofProfile 1`] = `
Object {
  "frames": Array [
    Frame {
      "col": undefined,
      "file": "/usr/local/Cellar/go/1.10.1/libexec/src/runtime/proc.go",
      "key": "runtime.main:/usr/local/Cellar/go/1.10.1/libexec/src/runtime/proc.go:0",
      "line": 0,
      "name": "runtime.main",
      "selfWeight": 0,
      "totalWeight": 136,
    },
    Frame {
      "col": undefined,
      "file": "/Users/jlfwong/code/speedscope/sample/programs/go/simple.go",
      "key": "main.main:/Users/jlfwong/code/speedscope/sample/programs/go/simple.go:0",
      "line": 0,
      "name": "main.main",
      "selfWeight": 0,
      "totalWeight": 136,
    },
    Frame {
      "col": undefined,
      "file": "/Users/jlfwong/code/speedscope/sample/programs/go/simple.go",
      "key": "main.delta:/Users/jlfwong/code/speedscope/sample/programs/go/simple.go:0",
      "line": 0,
      "name": "main.delta",
      "selfWeight": 22,
      "totalWeight": 58,
    },
    Frame {
      "col": undefined,
      "file": "/Users/jlfwong/code/speedscope/sample/programs/go/simple.go",
      "key": "main.beta:/Users/jlfwong/code/speedscope/sample/programs/go/simple.go:0",
      "line": 0,
      "name": "main.beta",
      "selfWeight": 39,
      "totalWeight": 39,
    },
    Frame {
      "col": undefined,
      "file": "/Users/jlfwong/code/speedscope/sample/programs/go/simple.go",
      "key": "main.alpha:/Users/jlfwong/code/speedscope/sample/programs/go/simple.go:0",
      "line": 0,
      "name": "main.alpha",
      "selfWeight": 48,
      "totalWeight": 48,
    },
    Frame {
      "col": undefined,
      "file": "/Users/jlfwong/code/speedscope/sample/programs/go/simple.go",
      "key": "main.gamma:/Users/jlfwong/code/speedscope/sample/programs/go/simple.go:0",
      "line": 0,
      "name": "main.gamma",
      "selfWeight": 27,
      "totalWeight": 27,
    },
    Frame {
      "col": undefined,
      "file": "/usr/local/Cellar/go/1.10.1/libexec/src/runtime/asm_amd64.s",
      "key": "runtime.morestack:/usr/local/Cellar/go/1.10.1/libexec/src/runtime/asm_amd64.s:0",
      "line": 0,
      "name": "runtime.morestack",
      "selfWeight": 0,
      "totalWeight": 11,
    },
    Frame {
      "col": undefined,
      "file": "/usr/local/Cellar/go/1.10.1/libexec/src/runtime/stack.go",
      "key": "runtime.newstack:/usr/local/Cellar/go/1.10.1/libexec/src/runtime/stack.go:0",
      "line": 0,
      "name": "runtime.newstack",
      "selfWeight": 0,
      "totalWeight": 11,
    },
    Frame {
      "col": undefined,
      "file": "/usr/local/Cellar/go/1.10.1/libexec/src/runtime/duff_amd64.s",
      "key": "runtime.duffcopy:/usr/local/Cellar/go/1.10.1/libexec/src/runtime/duff_amd64.s:0",
      "line": 0,
      "name": "runtime.duffcopy",
      "selfWeight": 11,
      "totalWeight": 11,
    },
    Frame {
      "col": undefined,
      "file": "/usr/local/Cellar/go/1.10.1/libexec/src/runtime/time.go",
      "key": "runtime.timerproc:/usr/local/Cellar/go/1.10.1/libexec/src/runtime/time.go:0",
      "line": 0,
      "name": "runtime.timerproc",
      "selfWeight": 0,
      "totalWeight": 1,
    },
    Frame {
      "col": undefined,
      "file": "/usr/local/Cellar/go/1.10.1/libexec/src/runtime/time.go",
      "key": "runtime.goroutineReady:/usr/local/Cellar/go/1.10.1/libexec/src/runtime/time.go:0",
      "line": 0,
      "name": "runtime.goroutineReady",
      "selfWeight": 0,
      "totalWeight": 1,
    },
    Frame {
      "col": undefined,
      "file": "/usr/local/Cellar/go/1.10.1/libexec/src/runtime/proc.go",
      "key": "runtime.goready:/usr/local/Cellar/go/1.10.1/libexec/src/runtime/proc.go:0",
      "line": 0,
      "name": "runtime.goready",
      "selfWeight": 0,
      "totalWeight": 1,
    },
    Frame {
      "col": undefined,
      "file": "/usr/local/Cellar/go/1.10.1/libexec/src/runtime/asm_amd64.s",
      "key": "runtime.systemstack:/usr/local/Cellar/go/1.10.1/libexec/src/runtime/asm_amd64.s:0",
      "line": 0,
      "name": "runtime.systemstack",
      "selfWeight": 0,
      "totalWeight": 1,
    },
    Frame {
      "col": undefined,
      "file": "/usr/local/Cellar/go/1.10.1/libexec/src/runtime/proc.go",
      "key": "runtime.goready.func1:/usr/local/Cellar/go/1.10.1/libexec/src/runtime/proc.go:0",
      "line": 0,
      "name": "runtime.goready.func1",
      "selfWeight": 0,
      "totalWeight": 1,
    },
    Frame {
      "col": undefined,
      "file": "/usr/local/Cellar/go/1.10.1/libexec/src/runtime/proc.go",
      "key": "runtime.ready:/usr/local/Cellar/go/1.10.1/libexec/src/runtime/proc.go:0",
      "line": 0,
      "name": "runtime.ready",
      "selfWeight": 0,
      "totalWeight": 1,
    },
    Frame {
      "col": undefined,
      "file": "/usr/local/Cellar/go/1.10.1/libexec/src/runtime/proc.go",
      "key": "runtime.wakep:/usr/local/Cellar/go/1.10.1/libexec/src/runtime/proc.go:0",
      "line": 0,
      "name": "runtime.wakep",
      "selfWeight": 0,
      "totalWeight": 1,
    },
    Frame {
      "col": undefined,
      "file": "/usr/local/Cellar/go/1.10.1/libexec/src/runtime/proc.go",
      "key": "runtime.startm:/usr/local/Cellar/go/1.10.1/libexec/src/runtime/proc.go:0",
      "line": 0,
      "name": "runtime.startm",
      "selfWeight": 0,
      "totalWeight": 1,
    },
    Frame {
      "col": undefined,
      "file": "/usr/local/Cellar/go/1.10.1/libexec/src/runtime/lock_sema.go",
      "key": "runtime.notewakeup:/usr/local/Cellar/go/1.10.1/libexec/src/runtime/lock_sema.go:0",
      "line": 0,
      "name": "runtime.notewakeup",
      "selfWeight": 0,
      "totalWeight": 1,
    },
    Frame {
      "col": undefined,
      "file": "/usr/local/Cellar/go/1.10.1/libexec/src/runtime/os_darwin.go",
      "key": "runtime.semawakeup:/usr/local/Cellar/go/1.10.1/libexec/src/runtime/os_darwin.go:0",
      "line": 0,
      "name": "runtime.semawakeup",
      "selfWeight": 0,
      "totalWeight": 1,
    },
    Frame {
      "col": undefined,
      "file": "/usr/local/Cellar/go/1.10.1/libexec/src/runtime/os_darwin.go",
      "key": "runtime.mach_semrelease:/usr/local/Cellar/go/1.10.1/libexec/src/runtime/os_darwin.go:0",
      "line": 0,
      "name": "runtime.mach_semrelease",
      "selfWeight": 0,
      "totalWeight": 1,
    },
    Frame {
      "col": undefined,
      "file": "/usr/local/Cellar/go/1.10.1/libexec/src/runtime/sys_darwin_amd64.s",
      "key": "runtime.mach_semaphore_signal:/usr/local/Cellar/go/1.10.1/libexec/src/runtime/sys_darwin_amd64.s:0",
      "line": 0,
      "name": "runtime.mach_semaphore_signal",
      "selfWeight": 1,
      "totalWeight": 1,
    },
    Frame {
      "col": undefined,
      "file": "/usr/local/Cellar/go/1.10.1/libexec/src/runtime/proc.go",
      "key": "runtime.mstart:/usr/local/Cellar/go/1.10.1/libexec/src/runtime/proc.go:0",
      "line": 0,
      "name": "runtime.mstart",
      "selfWeight": 0,
      "totalWeight": 2,
    },
    Frame {
      "col": undefined,
      "file": "/usr/local/Cellar/go/1.10.1/libexec/src/runtime/proc.go",
      "key": "runtime.mstart1:/usr/local/Cellar/go/1.10.1/libexec/src/runtime/proc.go:0",
      "line": 0,
      "name": "runtime.mstart1",
      "selfWeight": 0,
      "totalWeight": 2,
    },
    Frame {
      "col": undefined,
      "file": "/usr/local/Cellar/go/1.10.1/libexec/src/runtime/proc.go",
      "key": "runtime.sysmon:/usr/local/Cellar/go/1.10.1/libexec/src/runtime/proc.go:0",
      "line": 0,
      "name": "runtime.sysmon",
      "selfWeight": 0,
      "totalWeight": 2,
    },
    Frame {
      "col": undefined,
      "file": "/usr/local/Cellar/go/1.10.1/libexec/src/runtime/sys_darwin_amd64.s",
      "key": "runtime.usleep:/usr/local/Cellar/go/1.10.1/libexec/src/runtime/sys_darwin_amd64.s:0",
      "line": 0,
      "name": "runtime.usleep",
      "selfWeight": 2,
      "totalWeight": 2,
    },
  ],
  "name": "simple.prof",
  "stacks": Array [
    "runtime.main;main.main;main.delta;main.beta 14",
    "runtime.main;main.main;main.alpha 26",
    "runtime.main;main.main;main.gamma 27",
    "runtime.morestack;runtime.newstack;runtime.duffcopy 11",
    "runtime.main;main.main;main.beta 25",
    "runtime.main;main.main;main.delta 22",
    "runtime.main;main.main;main.delta;main.alpha 22",
    "runtime.timerproc;runtime.goroutineReady;runtime.goready;runtime.systemstack;runtime.goready.func1;runtime.ready;runtime.wakep;runtime.startm;runtime.notewakeup;runtime.semawakeup;runtime.mach_semrelease;runtime.mach_semaphore_signal 1",
    "runtime.mstart;runtime.mstart1;runtime.sysmon;runtime.usleep 2",
  ],
}
`;

exports[`importAsPprofProfile: indexToView 1`] = `0`;

exports[`importAsPprofProfile: profileGroup.name 1`] = `"simple.prof"`;
