// Jest Snapshot v1, https://goo.gl/fbAQLP

exports[`importFromChromeCPUProfile 1`] = `
Object {
  "frames": Array [
    Frame {
      "col": -1,
      "file": "",
      "key": "(root)::-1:-1",
      "line": -1,
      "name": "(root)",
      "selfWeight": 0,
      "totalWeight": 45920,
    },
    Frame {
      "col": 0,
      "file": "",
      "key": "(anonymous)::0:0",
      "line": 0,
      "name": "(anonymous)",
      "selfWeight": 11575,
      "totalWeight": 45920,
    },
    Frame {
      "col": 10,
      "file": "",
      "key": "a::0:10",
      "line": 0,
      "name": "a",
      "selfWeight": 0,
      "totalWeight": 34345,
    },
    Frame {
      "col": 10,
      "file": "",
      "key": "b::5:10",
      "line": 5,
      "name": "b",
      "selfWeight": 0,
      "totalWeight": 16788,
    },
    Frame {
      "col": 10,
      "file": "",
      "key": "d::13:10",
      "line": 13,
      "name": "d",
      "selfWeight": 34345,
      "totalWeight": 34345,
    },
    Frame {
      "col": 10,
      "file": "",
      "key": "c::9:10",
      "line": 9,
      "name": "c",
      "selfWeight": 0,
      "totalWeight": 17557,
    },
  ],
  "stacks": Array [
    "(root);(anonymous) 11575",
    "(root);(anonymous);a;b;d 16788",
    "(root);(anonymous);a;c;d 17557",
  ],
}
`;

exports[`importFromChromeTimeline 1`] = `
Object {
  "frames": Array [
    Frame {
      "col": -1,
      "file": "",
      "key": "(root)::-1:-1",
      "line": -1,
      "name": "(root)",
      "selfWeight": 0,
      "totalWeight": 555107,
    },
    Frame {
      "col": -1,
      "file": "",
      "key": "(program)::-1:-1",
      "line": -1,
      "name": "(program)",
      "selfWeight": 12244,
      "totalWeight": 12244,
    },
    Frame {
      "col": -1,
      "file": "",
      "key": "(idle)::-1:-1",
      "line": -1,
      "name": "(idle)",
      "selfWeight": 509679,
      "totalWeight": 509679,
    },
    Frame {
      "col": 10,
      "file": "file:///Users/jlfwong/code/speedscope/sample/programs/javascript/simple.js",
      "key": "a:file:///Users/jlfwong/code/speedscope/sample/programs/javascript/simple.js:0:10",
      "line": 0,
      "name": "a",
      "selfWeight": 0,
      "totalWeight": 33184,
    },
    Frame {
      "col": 10,
      "file": "file:///Users/jlfwong/code/speedscope/sample/programs/javascript/simple.js",
      "key": "c:file:///Users/jlfwong/code/speedscope/sample/programs/javascript/simple.js:13:10",
      "line": 13,
      "name": "c",
      "selfWeight": 16197,
      "totalWeight": 16197,
    },
    Frame {
      "col": 10,
      "file": "file:///Users/jlfwong/code/speedscope/sample/programs/javascript/simple.js",
      "key": "b:file:///Users/jlfwong/code/speedscope/sample/programs/javascript/simple.js:7:10",
      "line": 7,
      "name": "b",
      "selfWeight": 16987,
      "totalWeight": 16987,
    },
  ],
  "stacks": Array [
    "(root);(program) 10161",
    "(root);(idle) 1990",
    "(root);(program) 926",
    "(root);(idle) 85948",
    "(root);(program) 133",
    "(root);(idle) 8401",
    "(root);(program) 134",
    "(root);a;c 257",
    "(root);a;b 534",
    "(root);a;c 513",
    "(root);a;b 513",
    "(root);a;c 257",
    "(root);a;b 518",
    "(root);a;c 514",
    "(root);a;b 261",
    "(root);a;c 517",
    "(root);a;b 258",
    "(root);a;c 145",
    "(root);a;b 134",
    "(root);a;c 292",
    "(root);a;b 272",
    "(root);a;c 129",
    "(root);a;b 145",
    "(root);a;c 265",
    "(root);a;b 142",
    "(root);a;c 141",
    "(root);a;b 139",
    "(root);a;c 397",
    "(root);a;b 126",
    "(root);a;c 131",
    "(root);a;b 126",
    "(root);a;c 521",
    "(root);a;b 128",
    "(root);a;c 261",
    "(root);a;b 127",
    "(root);a;c 130",
    "(root);a;b 128",
    "(root);a;c 136",
    "(root);a;b 272",
    "(root);a;c 146",
    "(root);a;b 661",
    "(root);a;c 113",
    "(root);a;b 135",
    "(root);a;c 585",
    "(root);a;b 294",
    "(root);a;c 274",
    "(root);a;b 129",
    "(root);a;c 127",
    "(root);a;b 128",
    "(root);a;c 247",
    "(root);a;b 526",
    "(root);a;c 125",
    "(root);a;b 129",
    "(root);a;c 131",
    "(root);a;b 253",
    "(root);a;c 135",
    "(root);a;b 123",
    "(root);a;c 128",
    "(root);a;b 257",
    "(root);a;c 137",
    "(root);a;b 256",
    "(root);a;c 411",
    "(root);a;b 892",
    "(root);a;c 146",
    "(root);a;b 148",
    "(root);a;c 309",
    "(root);a;b 140",
    "(root);a;c 151",
    "(root);a;b 458",
    "(root);a;c 156",
    "(root);a;b 170",
    "(root);a;c 139",
    "(root);a;b 290",
    "(root);a;c 115",
    "(root);a;b 281",
    "(root);a;c 270",
    "(root);a;b 283",
    "(root);a;c 144",
    "(root);a;b 146",
    "(root);a;c 410",
    "(root);a;b 146",
    "(root);a;c 147",
    "(root);a;b 312",
    "(root);a;c 146",
    "(root);a;b 907",
    "(root);a;c 231",
    "(root);a;b 138",
    "(root);a;c 280",
    "(root);a;b 255",
    "(root);a;c 257",
    "(root);a;b 130",
    "(root);a;c 255",
    "(root);a;b 128",
    "(root);a;c 526",
    "(root);a;b 128",
    "(root);a;c 384",
    "(root);a;b 398",
    "(root);a;c 260",
    "(root);a;b 664",
    "(root);a;c 150",
    "(root);a;b 147",
    "(root);a;c 156",
    "(root);a;b 137",
    "(root);a;c 141",
    "(root);a;b 140",
    "(root);a;c 141",
    "(root);a;b 141",
    "(root);a;c 140",
    "(root);a;b 140",
    "(root);a;c 139",
    "(root);a;b 129",
    "(root);a;c 269",
    "(root);a;b 293",
    "(root);a;c 148",
    "(root);a;b 293",
    "(root);a;c 292",
    "(root);a;b 296",
    "(root);a;c 147",
    "(root);a;b 140",
    "(root);a;c 139",
    "(root);a;b 139",
    "(root);a;c 511",
    "(root);a;b 515",
    "(root);a;c 386",
    "(root);a;b 514",
    "(root);a;c 272",
    "(root);a;b 242",
    "(root);a;c 128",
    "(root);a;b 134",
    "(root);a;c 112",
    "(root);a;b 288",
    "(root);a;c 451",
    "(root);a;b 138",
    "(root);a;c 292",
    "(root);a;b 145",
    "(root);a;c 259",
    "(root);a;b 148",
    "(root);a;c 293",
    "(root);a;b 140",
    "(root);a;c 140",
    "(root);(idle) 61609",
    "(root);(program) 118",
    "(root);(idle) 134",
    "(root);(program) 128",
    "(root);(idle) 16403",
    "(root);(program) 125",
    "(root);(idle) 16645",
    "(root);(program) 129",
    "(root);(idle) 16716",
    "(root);(program) 130",
    "(root);(idle) 294149",
    "(root);(program) 129",
    "(root);(idle) 7684",
    "(root);(program) 131",
  ],
}
`;
