// Jest Snapshot v1, https://goo.gl/fbAQLP

exports[`importFromInstrumentsDeepCopy allocations profile 1`] = `
Object {
  "frames": Array [
    Frame {
      "col": undefined,
      "file": undefined,
      "key": ":start",
      "line": undefined,
      "name": "start",
      "selfWeight": 0,
      "totalWeight": 449839104,
    },
    Frame {
      "col": undefined,
      "file": undefined,
      "key": ":main",
      "line": undefined,
      "name": "main",
      "selfWeight": 1048576,
      "totalWeight": 449839104,
    },
    Frame {
      "col": undefined,
      "file": undefined,
      "key": ":delta()",
      "line": undefined,
      "name": "delta()",
      "selfWeight": 1048576,
      "totalWeight": 227540992,
    },
    Frame {
      "col": undefined,
      "file": undefined,
      "key": ":alpha()",
      "line": undefined,
      "name": "alpha()",
      "selfWeight": 0,
      "totalWeight": 150994944,
    },
    Frame {
      "col": undefined,
      "file": undefined,
      "key": ":leakMemory()",
      "line": undefined,
      "name": "leakMemory()",
      "selfWeight": 0,
      "totalWeight": 447741952,
    },
    Frame {
      "col": undefined,
      "file": undefined,
      "key": ":malloc",
      "line": undefined,
      "name": "malloc",
      "selfWeight": 0,
      "totalWeight": 447741952,
    },
    Frame {
      "col": undefined,
      "file": undefined,
      "key": ":malloc_zone_malloc",
      "line": undefined,
      "name": "malloc_zone_malloc",
      "selfWeight": 447741952,
      "totalWeight": 447741952,
    },
    Frame {
      "col": undefined,
      "file": undefined,
      "key": ":beta()",
      "line": undefined,
      "name": "beta()",
      "selfWeight": 0,
      "totalWeight": 147849216,
    },
    Frame {
      "col": undefined,
      "file": undefined,
      "key": ":gamma()",
      "line": undefined,
      "name": "gamma()",
      "selfWeight": 0,
      "totalWeight": 74448896,
    },
  ],
  "stacks": Array [
    "start;main;delta();alpha();leakMemory();malloc;malloc_zone_malloc 73.00 MB",
    "start;main;delta();beta();leakMemory();malloc;malloc_zone_malloc 72.00 MB",
    "start;main;delta();leakMemory();malloc;malloc_zone_malloc 71.00 MB",
    "start;main;delta() 1.00 MB",
    "start;main;alpha();leakMemory();malloc;malloc_zone_malloc 71.00 MB",
    "start;main;gamma();leakMemory();malloc;malloc_zone_malloc 71.00 MB",
    "start;main;beta();leakMemory();malloc;malloc_zone_malloc 69.00 MB",
    "start;main 1.00 MB",
  ],
}
`;

exports[`importFromInstrumentsDeepCopy time profile 1`] = `
Object {
  "frames": Array [
    Frame {
      "col": undefined,
      "file": undefined,
      "key": ":start",
      "line": undefined,
      "name": "start",
      "selfWeight": 0,
      "totalWeight": 4273,
    },
    Frame {
      "col": undefined,
      "file": undefined,
      "key": ":main",
      "line": undefined,
      "name": "main",
      "selfWeight": 0,
      "totalWeight": 4273,
    },
    Frame {
      "col": undefined,
      "file": undefined,
      "key": ":delta()",
      "line": undefined,
      "name": "delta()",
      "selfWeight": 693,
      "totalWeight": 2126,
    },
    Frame {
      "col": undefined,
      "file": undefined,
      "key": ":alpha()",
      "line": undefined,
      "name": "alpha()",
      "selfWeight": 1411,
      "totalWeight": 1438,
    },
    Frame {
      "col": undefined,
      "file": undefined,
      "key": ":leakMemory()",
      "line": undefined,
      "name": "leakMemory()",
      "selfWeight": 1,
      "totalWeight": 67,
    },
    Frame {
      "col": undefined,
      "file": undefined,
      "key": ":malloc",
      "line": undefined,
      "name": "malloc",
      "selfWeight": 3,
      "totalWeight": 66,
    },
    Frame {
      "col": undefined,
      "file": undefined,
      "key": ":malloc_zone_malloc",
      "line": undefined,
      "name": "malloc_zone_malloc",
      "selfWeight": 3,
      "totalWeight": 62,
    },
    Frame {
      "col": undefined,
      "file": undefined,
      "key": ":szone_malloc_should_clear",
      "line": undefined,
      "name": "szone_malloc_should_clear",
      "selfWeight": 21,
      "totalWeight": 39,
    },
    Frame {
      "col": undefined,
      "file": undefined,
      "key": ":small_malloc_from_free_list",
      "line": undefined,
      "name": "small_malloc_from_free_list",
      "selfWeight": 17,
      "totalWeight": 17,
    },
    Frame {
      "col": undefined,
      "file": undefined,
      "key": ":allocate_pages_securely",
      "line": undefined,
      "name": "allocate_pages_securely",
      "selfWeight": 0,
      "totalWeight": 2,
    },
    Frame {
      "col": undefined,
      "file": undefined,
      "key": ":mach_vm_map",
      "line": undefined,
      "name": "mach_vm_map",
      "selfWeight": 0,
      "totalWeight": 2,
    },
    Frame {
      "col": undefined,
      "file": undefined,
      "key": ":_kernelrpc_mach_vm_map_trap",
      "line": undefined,
      "name": "_kernelrpc_mach_vm_map_trap",
      "selfWeight": 2,
      "totalWeight": 2,
    },
    Frame {
      "col": undefined,
      "file": undefined,
      "key": ":_os_lock_spin_lock",
      "line": undefined,
      "name": "_os_lock_spin_lock",
      "selfWeight": 14,
      "totalWeight": 14,
    },
    Frame {
      "col": undefined,
      "file": undefined,
      "key": ":os_lock_lock",
      "line": undefined,
      "name": "os_lock_lock",
      "selfWeight": 3,
      "totalWeight": 3,
    },
    Frame {
      "col": undefined,
      "file": undefined,
      "key": ":beta()",
      "line": undefined,
      "name": "beta()",
      "selfWeight": 1406,
      "totalWeight": 1427,
    },
    Frame {
      "col": undefined,
      "file": undefined,
      "key": ":<Unknown Address>",
      "line": undefined,
      "name": "<Unknown Address>",
      "selfWeight": 0,
      "totalWeight": 2,
    },
    Frame {
      "col": undefined,
      "file": undefined,
      "key": ":szone_malloc",
      "line": undefined,
      "name": "szone_malloc",
      "selfWeight": 1,
      "totalWeight": 1,
    },
    Frame {
      "col": undefined,
      "file": undefined,
      "key": ":DYLD-STUB$$os_lock_unlock",
      "line": undefined,
      "name": "DYLD-STUB$$os_lock_unlock",
      "selfWeight": 1,
      "totalWeight": 1,
    },
    Frame {
      "col": undefined,
      "file": undefined,
      "key": ":gamma()",
      "line": undefined,
      "name": "gamma()",
      "selfWeight": 696,
      "totalWeight": 706,
    },
    Frame {
      "col": undefined,
      "file": undefined,
      "key": ":os_lock_unlock",
      "line": undefined,
      "name": "os_lock_unlock",
      "selfWeight": 1,
      "totalWeight": 1,
    },
  ],
  "stacks": Array [
    "start;main;delta();alpha();leakMemory();malloc;malloc_zone_malloc;szone_malloc_should_clear;small_malloc_from_free_list 4.00ms",
    "start;main;delta();alpha();leakMemory();malloc;malloc_zone_malloc;szone_malloc_should_clear;allocate_pages_securely;mach_vm_map;_kernelrpc_mach_vm_map_trap 1.00ms",
    "start;main;delta();alpha();leakMemory();malloc;malloc_zone_malloc;szone_malloc_should_clear 2.00ms",
    "start;main;delta();alpha();leakMemory();malloc;malloc_zone_malloc;_os_lock_spin_lock 5.00ms",
    "start;main;delta();alpha();leakMemory();malloc;malloc_zone_malloc;os_lock_lock 2.00ms",
    "start;main;delta();alpha();leakMemory();malloc;malloc_zone_malloc 1.00ms",
    "start;main;delta();alpha();leakMemory();malloc 1.00ms",
    "start;main;delta();alpha();leakMemory() 1.00ms",
    "start;main;delta();alpha() 696.00ms",
    "start;main;delta();beta();leakMemory();malloc;malloc_zone_malloc;szone_malloc_should_clear;small_malloc_from_free_list 1.00ms",
    "start;main;delta();beta();leakMemory();malloc;malloc_zone_malloc;szone_malloc_should_clear 6.00ms",
    "start;main;delta();beta();leakMemory();malloc;malloc_zone_malloc;_os_lock_spin_lock 2.00ms",
    "start;main;delta();beta() 702.00ms",
    "start;main;delta();leakMemory();malloc;malloc_zone_malloc;szone_malloc_should_clear;small_malloc_from_free_list 1.00ms",
    "start;main;delta();leakMemory();malloc;malloc_zone_malloc;szone_malloc_should_clear 4.00ms",
    "start;main;delta();leakMemory();malloc;malloc_zone_malloc;_os_lock_spin_lock 2.00ms",
    "start;main;delta();leakMemory();malloc;malloc_zone_malloc;os_lock_lock 1.00ms",
    "start;main;delta();leakMemory();malloc;<Unknown Address>;szone_malloc 1.00ms",
    "start;main;delta() 693.00ms",
    "start;main;alpha();leakMemory();malloc;malloc_zone_malloc;szone_malloc_should_clear;small_malloc_from_free_list 4.00ms",
    "start;main;alpha();leakMemory();malloc;malloc_zone_malloc;szone_malloc_should_clear 2.00ms",
    "start;main;alpha();leakMemory();malloc;malloc_zone_malloc;_os_lock_spin_lock 2.00ms",
    "start;main;alpha();leakMemory();malloc;malloc_zone_malloc 1.00ms",
    "start;main;alpha();leakMemory();malloc 1.00ms",
    "start;main;alpha() 715.00ms",
    "start;main;beta();leakMemory();malloc;malloc_zone_malloc;szone_malloc_should_clear;small_malloc_from_free_list 3.00ms",
    "start;main;beta();leakMemory();malloc;malloc_zone_malloc;szone_malloc_should_clear;allocate_pages_securely;mach_vm_map;_kernelrpc_mach_vm_map_trap 1.00ms",
    "start;main;beta();leakMemory();malloc;malloc_zone_malloc;szone_malloc_should_clear 5.00ms",
    "start;main;beta();leakMemory();malloc;malloc_zone_malloc;_os_lock_spin_lock 1.00ms",
    "start;main;beta();leakMemory();malloc;malloc_zone_malloc;DYLD-STUB$$os_lock_unlock 1.00ms",
    "start;main;beta();leakMemory();malloc 1.00ms",
    "start;main;beta() 704.00ms",
    "start;main;gamma();leakMemory();malloc;malloc_zone_malloc;szone_malloc_should_clear;small_malloc_from_free_list 3.00ms",
    "start;main;gamma();leakMemory();malloc;malloc_zone_malloc;szone_malloc_should_clear 2.00ms",
    "start;main;gamma();leakMemory();malloc;malloc_zone_malloc;_os_lock_spin_lock 2.00ms",
    "start;main;gamma();leakMemory();malloc;malloc_zone_malloc;os_lock_unlock 1.00ms",
    "start;main;gamma();leakMemory();malloc;malloc_zone_malloc;<Unknown Address>;small_malloc_from_free_list 1.00ms",
    "start;main;gamma();leakMemory();malloc;malloc_zone_malloc 1.00ms",
    "start;main;gamma() 696.00ms",
  ],
}
`;
