// Jest Snapshot v1, https://goo.gl/fbAQLP

exports[`importFromStackprof 1`] = `
Object {
  "frames": Array [
    Frame {
      "col": undefined,
      "file": "simple.rb",
      "key": 70098912279220,
      "line": undefined,
      "name": "<main>",
      "selfWeight": 0,
      "totalWeight": 1087582,
    },
    Frame {
      "col": undefined,
      "file": "/Users/jlfwong/code/speedscope/sample/programs/ruby/simple.rb",
      "key": 70098928804560,
      "line": undefined,
      "name": "<main>",
      "selfWeight": 0,
      "totalWeight": 1087582,
    },
    Frame {
      "col": undefined,
      "file": "/Users/jlfwong/code/speedscope/sample/programs/ruby/simple.rb",
      "key": 70098916424940,
      "line": 31,
      "name": "block in <main>",
      "selfWeight": 0,
      "totalWeight": 1087582,
    },
    Frame {
      "col": undefined,
      "file": "/Users/jlfwong/code/speedscope/sample/programs/ruby/simple.rb",
      "key": 70098916485880,
      "line": 4,
      "name": "Object#a",
      "selfWeight": 0,
      "totalWeight": 1087582,
    },
    Frame {
      "col": undefined,
      "file": "/Users/jlfwong/code/speedscope/sample/programs/ruby/simple.rb",
      "key": 70098916485860,
      "line": 11,
      "name": "Object#b",
      "selfWeight": 0,
      "totalWeight": 540472,
    },
    Frame {
      "col": undefined,
      "file": "/Users/jlfwong/code/speedscope/sample/programs/ruby/simple.rb",
      "key": 70098916485820,
      "line": 23,
      "name": "Object#d",
      "selfWeight": 1087582,
      "totalWeight": 1087582,
    },
    Frame {
      "col": undefined,
      "file": "",
      "key": 313,
      "line": undefined,
      "name": "(garbage collection)",
      "selfWeight": 464022,
      "totalWeight": 464022,
    },
    Frame {
      "col": undefined,
      "file": "/Users/jlfwong/code/speedscope/sample/programs/ruby/simple.rb",
      "key": 70098916485840,
      "line": 17,
      "name": "Object#c",
      "selfWeight": 0,
      "totalWeight": 547110,
    },
  ],
  "stacks": Array [
    "<main>;<main>;block in <main>;Object#a;Object#a;Object#b;Object#b;Object#d;Object#d 6112",
    "(garbage collection) 1023",
    "<main>;<main>;block in <main>;Object#a;Object#a;Object#b;Object#b;Object#d;Object#d 1963",
    "<main>;<main>;block in <main>;Object#a;Object#a;Object#c;Object#c;Object#d;Object#d 2096",
    "(garbage collection) 919",
    "<main>;<main>;block in <main>;Object#a;Object#a;Object#c;Object#c;Object#d;Object#d 3975",
    "(garbage collection) 955",
    "<main>;<main>;block in <main>;Object#a;Object#a;Object#c;Object#c;Object#d;Object#d 1065",
    "(garbage collection) 1009",
    "<main>;<main>;block in <main>;Object#a;Object#a;Object#b;Object#b;Object#d;Object#d 2965",
    "(garbage collection) 1998",
    "<main>;<main>;block in <main>;Object#a;Object#a;Object#b;Object#b;Object#d;Object#d 892",
    "<main>;<main>;block in <main>;Object#a;Object#a;Object#c;Object#c;Object#d;Object#d 1139",
    "(garbage collection) 1976",
    "<main>;<main>;block in <main>;Object#a;Object#a;Object#c;Object#c;Object#d;Object#d 4962",
    "<main>;<main>;block in <main>;Object#a;Object#a;Object#b;Object#b;Object#d;Object#d 1029",
    "(garbage collection) 995",
    "<main>;<main>;block in <main>;Object#a;Object#a;Object#b;Object#b;Object#d;Object#d 1972",
    "(garbage collection) 1000",
    "<main>;<main>;block in <main>;Object#a;Object#a;Object#b;Object#b;Object#d;Object#d 1996",
    "(garbage collection) 899",
    "<main>;<main>;block in <main>;Object#a;Object#a;Object#c;Object#c;Object#d;Object#d 7102",
    "<main>;<main>;block in <main>;Object#a;Object#a;Object#b;Object#b;Object#d;Object#d 1991",
    "(garbage collection) 2024",
    "<main>;<main>;block in <main>;Object#a;Object#a;Object#b;Object#b;Object#d;Object#d 1962",
    "<main>;<main>;block in <main>;Object#a;Object#a;Object#c;Object#c;Object#d;Object#d 2948",
    "(garbage collection) 1065",
    "<main>;<main>;block in <main>;Object#a;Object#a;Object#c;Object#c;Object#d;Object#d 2981",
    "(garbage collection) 1003",
    "<main>;<main>;block in <main>;Object#a;Object#a;Object#b;Object#b;Object#d;Object#d 998",
    "(garbage collection) 1029",
    "<main>;<main>;block in <main>;Object#a;Object#a;Object#b;Object#b;Object#d;Object#d 3964",
    "(garbage collection) 1000",
    "<main>;<main>;block in <main>;Object#a;Object#a;Object#c;Object#c;Object#d;Object#d 3070",
    "(garbage collection) 892",
    "<main>;<main>;block in <main>;Object#a;Object#a;Object#c;Object#c;Object#d;Object#d 1031",
    "(garbage collection) 1025",
    "<main>;<main>;block in <main>;Object#a;Object#a;Object#c;Object#c;Object#d;Object#d 969",
    "<main>;<main>;block in <main>;Object#a;Object#a;Object#b;Object#b;Object#d;Object#d 3992",
    "(garbage collection) 1017",
    "<main>;<main>;block in <main>;Object#a;Object#a;Object#b;Object#b;Object#d;Object#d 994",
    "(garbage collection) 986",
    "<main>;<main>;block in <main>;Object#a;Object#a;Object#b;Object#b;Object#d;Object#d 926",
    "<main>;<main>;block in <main>;Object#a;Object#a;Object#c;Object#c;Object#d;Object#d 3975",
    "(garbage collection) 989",
    "<main>;<main>;block in <main>;Object#a;Object#a;Object#c;Object#c;Object#d;Object#d 5046",
    "(garbage collection) 977",
    "<main>;<main>;block in <main>;Object#a;Object#a;Object#c;Object#c;Object#d;Object#d 1156",
    "(garbage collection) 921",
    "<main>;<main>;block in <main>;Object#a;Object#a;Object#c;Object#c;Object#d;Object#d 1061",
    "<main>;<main>;block in <main>;Object#a;Object#a;Object#b;Object#b;Object#d;Object#d 2893",
    "(garbage collection) 1020",
    "<main>;<main>;block in <main>;Object#a;Object#a;Object#b;Object#b;Object#d;Object#d 4844",
    "(garbage collection) 1090",
    "<main>;<main>;block in <main>;Object#a;Object#a;Object#b;Object#b;Object#d;Object#d 1030",
    "(garbage collection) 1987",
    "<main>;<main>;block in <main>;Object#a;Object#a;Object#c;Object#c;Object#d;Object#d 2984",
    "(garbage collection) 2013",
    "<main>;<main>;block in <main>;Object#a;Object#a;Object#c;Object#c;Object#d;Object#d 2969",
    "<main>;<main>;block in <main>;Object#a;Object#a;Object#b;Object#b;Object#d;Object#d 1019",
    "(garbage collection) 1126",
    "<main>;<main>;block in <main>;Object#a;Object#a;Object#b;Object#b;Object#d;Object#d 1866",
    "(garbage collection) 1115",
    "<main>;<main>;block in <main>;Object#a;Object#a;Object#b;Object#b;Object#d;Object#d 2872",
    "<main>;<main>;block in <main>;Object#a;Object#a;Object#c;Object#c;Object#d;Object#d 3985",
    "(garbage collection) 2051",
    "<main>;<main>;block in <main>;Object#a;Object#a;Object#c;Object#c;Object#d;Object#d 2821",
    "(garbage collection) 1138",
    "<main>;<main>;block in <main>;Object#a;Object#a;Object#b;Object#b;Object#d;Object#d 2960",
    "(garbage collection) 1054",
    "<main>;<main>;block in <main>;Object#a;Object#a;Object#b;Object#b;Object#d;Object#d 946",
    "(garbage collection) 1006",
    "<main>;<main>;block in <main>;Object#a;Object#a;Object#b;Object#b;Object#d;Object#d 1923",
    "<main>;<main>;block in <main>;Object#a;Object#a;Object#c;Object#c;Object#d;Object#d 1082",
    "(garbage collection) 1006",
    "<main>;<main>;block in <main>;Object#a;Object#a;Object#c;Object#c;Object#d;Object#d 1974",
    "(garbage collection) 1912",
    "<main>;<main>;block in <main>;Object#a;Object#a;Object#c;Object#c;Object#d;Object#d 2079",
    "<main>;<main>;block in <main>;Object#a;Object#a;Object#b;Object#b;Object#d;Object#d 2998",
    "(garbage collection) 1034",
    "<main>;<main>;block in <main>;Object#a;Object#a;Object#b;Object#b;Object#d;Object#d 965",
    "(garbage collection) 2013",
    "<main>;<main>;block in <main>;Object#a;Object#a;Object#c;Object#c;Object#d;Object#d 2905",
    "(garbage collection) 1112",
    "<main>;<main>;block in <main>;Object#a;Object#a;Object#c;Object#c;Object#d;Object#d 2954",
    "<main>;<main>;block in <main>;Object#a;Object#a;Object#b;Object#b;Object#d;Object#d 996",
    "(garbage collection) 1089",
    "<main>;<main>;block in <main>;Object#a;Object#a;Object#b;Object#b;Object#d;Object#d 1819",
    "(garbage collection) 1098",
    "<main>;<main>;block in <main>;Object#a;Object#a;Object#b;Object#b;Object#d;Object#d 1896",
    "<main>;<main>;block in <main>;Object#a;Object#a;Object#c;Object#c;Object#d;Object#d 5007",
    "(garbage collection) 1087",
    "<main>;<main>;block in <main>;Object#a;Object#a;Object#c;Object#c;Object#d;Object#d 980",
    "(garbage collection) 1011",
    "<main>;<main>;block in <main>;Object#a;Object#a;Object#b;Object#b;Object#d;Object#d 4992",
    "(garbage collection) 988",
    "<main>;<main>;block in <main>;Object#a;Object#a;Object#c;Object#c;Object#d;Object#d 2901",
    "(garbage collection) 1108",
    "<main>;<main>;block in <main>;Object#a;Object#a;Object#c;Object#c;Object#d;Object#d 3927",
    "<main>;<main>;block in <main>;Object#a;Object#a;Object#b;Object#b;Object#d;Object#d 3039",
    "(garbage collection) 2024",
    "<main>;<main>;block in <main>;Object#a;Object#a;Object#b;Object#b;Object#d;Object#d 1853",
    "<main>;<main>;block in <main>;Object#a;Object#a;Object#c;Object#c;Object#d;Object#d 2004",
    "(garbage collection) 2119",
    "<main>;<main>;block in <main>;Object#a;Object#a;Object#c;Object#c;Object#d;Object#d 3986",
    "<main>;<main>;block in <main>;Object#a;Object#a;Object#b;Object#b;Object#d;Object#d 1936",
    "(garbage collection) 1095",
    "<main>;<main>;block in <main>;Object#a;Object#a;Object#b;Object#b;Object#d;Object#d 3002",
    "(garbage collection) 1994",
    "<main>;<main>;block in <main>;Object#a;Object#a;Object#c;Object#c;Object#d;Object#d 1957",
    "(garbage collection) 2015",
    "<main>;<main>;block in <main>;Object#a;Object#a;Object#c;Object#c;Object#d;Object#d 3960",
    "<main>;<main>;block in <main>;Object#a;Object#a;Object#b;Object#b;Object#d;Object#d 1004",
    "(garbage collection) 2019",
    "<main>;<main>;block in <main>;Object#a;Object#a;Object#b;Object#b;Object#d;Object#d 1976",
    "(garbage collection) 4010",
    "<main>;<main>;block in <main>;Object#a;Object#a;Object#c;Object#c;Object#d;Object#d 2139",
    "(garbage collection) 1851",
    "<main>;<main>;block in <main>;Object#a;Object#a;Object#c;Object#c;Object#d;Object#d 1986",
    "(garbage collection) 1002",
    "<main>;<main>;block in <main>;Object#a;Object#a;Object#b;Object#b;Object#d;Object#d 989",
    "(garbage collection) 1006",
    "<main>;<main>;block in <main>;Object#a;Object#a;Object#b;Object#b;Object#d;Object#d 1989",
    "(garbage collection) 1101",
    "<main>;<main>;block in <main>;Object#a;Object#a;Object#b;Object#b;Object#d;Object#d 1947",
    "(garbage collection) 962",
    "<main>;<main>;block in <main>;Object#a;Object#a;Object#c;Object#c;Object#d;Object#d 5855",
    "(garbage collection) 1166",
    "<main>;<main>;block in <main>;Object#a;Object#a;Object#b;Object#b;Object#d;Object#d 942",
    "(garbage collection) 1931",
    "<main>;<main>;block in <main>;Object#a;Object#a;Object#b;Object#b;Object#d;Object#d 2963",
    "(garbage collection) 4109",
    "<main>;<main>;block in <main>;Object#a;Object#a;Object#c;Object#c;Object#d;Object#d 3858",
    "(garbage collection) 997",
    "<main>;<main>;block in <main>;Object#a;Object#a;Object#c;Object#c;Object#d;Object#d 1123",
    "(garbage collection) 985",
    "<main>;<main>;block in <main>;Object#a;Object#a;Object#b;Object#b;Object#d;Object#d 2009",
    "(garbage collection) 996",
    "<main>;<main>;block in <main>;Object#a;Object#a;Object#b;Object#b;Object#d;Object#d 2903",
    "<main>;<main>;block in <main>;Object#a;Object#a;Object#c;Object#c;Object#d;Object#d 5094",
    "(garbage collection) 1025",
    "<main>;<main>;block in <main>;Object#a;Object#a;Object#c;Object#c;Object#d;Object#d 974",
    "<main>;<main>;block in <main>;Object#a;Object#a;Object#b;Object#b;Object#d;Object#d 998",
    "(garbage collection) 1019",
    "<main>;<main>;block in <main>;Object#a;Object#a;Object#b;Object#b;Object#d;Object#d 6114",
    "<main>;<main>;block in <main>;Object#a;Object#a;Object#c;Object#c;Object#d;Object#d 845",
    "(garbage collection) 3115",
    "<main>;<main>;block in <main>;Object#a;Object#a;Object#c;Object#c;Object#d;Object#d 803",
    "(garbage collection) 1119",
    "<main>;<main>;block in <main>;Object#a;Object#a;Object#c;Object#c;Object#d;Object#d 959",
    "<main>;<main>;block in <main>;Object#a;Object#a;Object#b;Object#b;Object#d;Object#d 2899",
    "(garbage collection) 1116",
    "<main>;<main>;block in <main>;Object#a;Object#a;Object#b;Object#b;Object#d;Object#d 1895",
    "<main>;<main>;block in <main>;Object#a;Object#a;Object#c;Object#c;Object#d;Object#d 3078",
    "(garbage collection) 3032",
    "<main>;<main>;block in <main>;Object#a;Object#a;Object#c;Object#c;Object#d;Object#d 970",
    "<main>;<main>;block in <main>;Object#a;Object#a;Object#b;Object#b;Object#d;Object#d 4990",
    "(garbage collection) 2029",
    "<main>;<main>;block in <main>;Object#a;Object#a;Object#c;Object#c;Object#d;Object#d 3962",
    "(garbage collection) 2012",
    "<main>;<main>;block in <main>;Object#a;Object#a;Object#c;Object#c;Object#d;Object#d 903",
    "(garbage collection) 3996",
    "<main>;<main>;block in <main>;Object#a;Object#a;Object#b;Object#b;Object#d;Object#d 3984",
    "<main>;<main>;block in <main>;Object#a;Object#a;Object#c;Object#c;Object#d;Object#d 3084",
    "(garbage collection) 1992",
    "<main>;<main>;block in <main>;Object#a;Object#a;Object#c;Object#c;Object#d;Object#d 1994",
    "(garbage collection) 1030",
    "<main>;<main>;block in <main>;Object#a;Object#a;Object#b;Object#b;Object#d;Object#d 979",
    "(garbage collection) 1006",
    "<main>;<main>;block in <main>;Object#a;Object#a;Object#b;Object#b;Object#d;Object#d 1872",
    "(garbage collection) 2130",
    "<main>;<main>;block in <main>;Object#a;Object#a;Object#b;Object#b;Object#d;Object#d 930",
    "(garbage collection) 2050",
    "<main>;<main>;block in <main>;Object#a;Object#a;Object#c;Object#c;Object#d;Object#d 5983",
    "(garbage collection) 1014",
    "<main>;<main>;block in <main>;Object#a;Object#a;Object#b;Object#b;Object#d;Object#d 3982",
    "(garbage collection) 943",
    "<main>;<main>;block in <main>;Object#a;Object#a;Object#b;Object#b;Object#d;Object#d 1057",
    "<main>;<main>;block in <main>;Object#a;Object#a;Object#c;Object#c;Object#d;Object#d 3991",
    "(garbage collection) 2020",
    "<main>;<main>;block in <main>;Object#a;Object#a;Object#c;Object#c;Object#d;Object#d 871",
    "<main>;<main>;block in <main>;Object#a;Object#a;Object#b;Object#b;Object#d;Object#d 1107",
    "(garbage collection) 1006",
    "<main>;<main>;block in <main>;Object#a;Object#a;Object#b;Object#b;Object#d;Object#d 987",
    "(garbage collection) 898",
    "<main>;<main>;block in <main>;Object#a;Object#a;Object#b;Object#b;Object#d;Object#d 5119",
    "<main>;<main>;block in <main>;Object#a;Object#a;Object#c;Object#c;Object#d;Object#d 2977",
    "(garbage collection) 968",
    "<main>;<main>;block in <main>;Object#a;Object#a;Object#c;Object#c;Object#d;Object#d 1144",
    "(garbage collection) 879",
    "<main>;<main>;block in <main>;Object#a;Object#a;Object#c;Object#c;Object#d;Object#d 934",
    "<main>;<main>;block in <main>;Object#a;Object#a;Object#b;Object#b;Object#d;Object#d 6048",
    "(garbage collection) 4010",
    "<main>;<main>;block in <main>;Object#a;Object#a;Object#c;Object#c;Object#d;Object#d 1985",
    "(garbage collection) 998",
    "<main>;<main>;block in <main>;Object#a;Object#a;Object#c;Object#c;Object#d;Object#d 1878",
    "<main>;<main>;block in <main>;Object#a;Object#a;Object#b;Object#b;Object#d;Object#d 3132",
    "(garbage collection) 2000",
    "<main>;<main>;block in <main>;Object#a;Object#a;Object#b;Object#b;Object#d;Object#d 909",
    "(garbage collection) 996",
    "<main>;<main>;block in <main>;Object#a;Object#a;Object#b;Object#b;Object#d;Object#d 1078",
    "<main>;<main>;block in <main>;Object#a;Object#a;Object#c;Object#c;Object#d;Object#d 2987",
    "(garbage collection) 3998",
    "<main>;<main>;block in <main>;Object#a;Object#a;Object#b;Object#b;Object#d;Object#d 997",
    "(garbage collection) 1010",
    "<main>;<main>;block in <main>;Object#a;Object#a;Object#b;Object#b;Object#d;Object#d 2899",
    "(garbage collection) 1138",
    "<main>;<main>;block in <main>;Object#a;Object#a;Object#b;Object#b;Object#d;Object#d 1935",
    "<main>;<main>;block in <main>;Object#a;Object#a;Object#c;Object#c;Object#d;Object#d 3998",
    "(garbage collection) 995",
    "<main>;<main>;block in <main>;Object#a;Object#a;Object#c;Object#c;Object#d;Object#d 986",
    "(garbage collection) 944",
    "<main>;<main>;block in <main>;Object#a;Object#a;Object#c;Object#c;Object#d;Object#d 1076",
    "<main>;<main>;block in <main>;Object#a;Object#a;Object#b;Object#b;Object#d;Object#d 972",
    "(garbage collection) 3034",
    "<main>;<main>;block in <main>;Object#a;Object#a;Object#b;Object#b;Object#d;Object#d 964",
    "(garbage collection) 1009",
    "<main>;<main>;block in <main>;Object#a;Object#a;Object#b;Object#b;Object#d;Object#d 2001",
    "(garbage collection) 1013",
    "<main>;<main>;block in <main>;Object#a;Object#a;Object#c;Object#c;Object#d;Object#d 1014",
    "(garbage collection) 1985",
    "<main>;<main>;block in <main>;Object#a;Object#a;Object#c;Object#c;Object#d;Object#d 5889",
    "<main>;<main>;block in <main>;Object#a;Object#a;Object#b;Object#b;Object#d;Object#d 6044",
    "(garbage collection) 4016",
    "<main>;<main>;block in <main>;Object#a;Object#a;Object#b;Object#b;Object#d;Object#d 898",
    "<main>;<main>;block in <main>;Object#a;Object#a;Object#c;Object#c;Object#d;Object#d 2086",
    "(garbage collection) 4049",
    "<main>;<main>;block in <main>;Object#a;Object#a;Object#c;Object#c;Object#d;Object#d 2850",
    "(garbage collection) 4167",
    "<main>;<main>;block in <main>;Object#a;Object#a;Object#b;Object#b;Object#d;Object#d 901",
    "(garbage collection) 1064",
    "<main>;<main>;block in <main>;Object#a;Object#a;Object#b;Object#b;Object#d;Object#d 3924",
    "(garbage collection) 3057",
    "<main>;<main>;block in <main>;Object#a;Object#a;Object#c;Object#c;Object#d;Object#d 6865",
    "(garbage collection) 2058",
    "<main>;<main>;block in <main>;Object#a;Object#a;Object#c;Object#c;Object#d;Object#d 938",
    "<main>;<main>;block in <main>;Object#a;Object#a;Object#b;Object#b;Object#d;Object#d 5046",
    "(garbage collection) 1015",
    "<main>;<main>;block in <main>;Object#a;Object#a;Object#b;Object#b;Object#d;Object#d 981",
    "(garbage collection) 2006",
    "<main>;<main>;block in <main>;Object#a;Object#a;Object#c;Object#c;Object#d;Object#d 1001",
    "(garbage collection) 981",
    "<main>;<main>;block in <main>;Object#a;Object#a;Object#c;Object#c;Object#d;Object#d 1998",
    "(garbage collection) 1006",
    "<main>;<main>;block in <main>;Object#a;Object#a;Object#c;Object#c;Object#d;Object#d 1916",
    "<main>;<main>;block in <main>;Object#a;Object#a;Object#b;Object#b;Object#d;Object#d 1081",
    "(garbage collection) 1014",
    "<main>;<main>;block in <main>;Object#a;Object#a;Object#b;Object#b;Object#d;Object#d 974",
    "(garbage collection) 1015",
    "<main>;<main>;block in <main>;Object#a;Object#a;Object#b;Object#b;Object#d;Object#d 1971",
    "(garbage collection) 2060",
    "<main>;<main>;block in <main>;Object#a;Object#a;Object#c;Object#c;Object#d;Object#d 5930",
    "(garbage collection) 1003",
    "<main>;<main>;block in <main>;Object#a;Object#a;Object#b;Object#b;Object#d;Object#d 2989",
    "(garbage collection) 2010",
    "<main>;<main>;block in <main>;Object#a;Object#a;Object#b;Object#b;Object#d;Object#d 1976",
    "(garbage collection) 3973",
    "<main>;<main>;block in <main>;Object#a;Object#a;Object#c;Object#c;Object#d;Object#d 1038",
    "(garbage collection) 1002",
    "<main>;<main>;block in <main>;Object#a;Object#a;Object#c;Object#c;Object#d;Object#d 1977",
    "(garbage collection) 910",
    "<main>;<main>;block in <main>;Object#a;Object#a;Object#b;Object#b;Object#d;Object#d 2071",
    "(garbage collection) 1026",
    "<main>;<main>;block in <main>;Object#a;Object#a;Object#b;Object#b;Object#d;Object#d 978",
    "(garbage collection) 2095",
    "<main>;<main>;block in <main>;Object#a;Object#a;Object#c;Object#c;Object#d;Object#d 2906",
    "(garbage collection) 1992",
    "<main>;<main>;block in <main>;Object#a;Object#a;Object#c;Object#c;Object#d;Object#d 2013",
    "<main>;<main>;block in <main>;Object#a;Object#a;Object#b;Object#b;Object#d;Object#d 4981",
    "(garbage collection) 1120",
    "<main>;<main>;block in <main>;Object#a;Object#a;Object#b;Object#b;Object#d;Object#d 1887",
    "(garbage collection) 2017",
    "<main>;<main>;block in <main>;Object#a;Object#a;Object#c;Object#c;Object#d;Object#d 1839",
    "(garbage collection) 1143",
    "<main>;<main>;block in <main>;Object#a;Object#a;Object#c;Object#c;Object#d;Object#d 2973",
    "(garbage collection) 2014",
    "<main>;<main>;block in <main>;Object#a;Object#a;Object#b;Object#b;Object#d;Object#d 3978",
    "(garbage collection) 1008",
    "<main>;<main>;block in <main>;Object#a;Object#a;Object#c;Object#c;Object#d;Object#d 5979",
    "<main>;<main>;block in <main>;Object#a;Object#a;Object#b;Object#b;Object#d;Object#d 5037",
    "(garbage collection) 2015",
    "<main>;<main>;block in <main>;Object#a;Object#a;Object#c;Object#c;Object#d;Object#d 6928",
    "(garbage collection) 1009",
    "<main>;<main>;block in <main>;Object#a;Object#a;Object#b;Object#b;Object#d;Object#d 4975",
    "(garbage collection) 1017",
    "<main>;<main>;block in <main>;Object#a;Object#a;Object#c;Object#c;Object#d;Object#d 1945",
    "(garbage collection) 1050",
    "<main>;<main>;block in <main>;Object#a;Object#a;Object#c;Object#c;Object#d;Object#d 4981",
    "<main>;<main>;block in <main>;Object#a;Object#a;Object#b;Object#b;Object#d;Object#d 5971",
    "(garbage collection) 888",
    "<main>;<main>;block in <main>;Object#a;Object#a;Object#c;Object#c;Object#d;Object#d 6102",
    "(garbage collection) 1010",
    "<main>;<main>;block in <main>;Object#a;Object#a;Object#b;Object#b;Object#d;Object#d 3992",
    "(garbage collection) 1012",
    "<main>;<main>;block in <main>;Object#a;Object#a;Object#b;Object#b;Object#d;Object#d 981",
    "<main>;<main>;block in <main>;Object#a;Object#a;Object#c;Object#c;Object#d;Object#d 2000",
    "(garbage collection) 939",
    "<main>;<main>;block in <main>;Object#a;Object#a;Object#c;Object#c;Object#d;Object#d 2057",
    "(garbage collection) 2030",
    "<main>;<main>;block in <main>;Object#a;Object#a;Object#b;Object#b;Object#d;Object#d 5906",
    "(garbage collection) 1088",
    "<main>;<main>;block in <main>;Object#a;Object#a;Object#c;Object#c;Object#d;Object#d 1963",
    "(garbage collection) 1018",
    "<main>;<main>;block in <main>;Object#a;Object#a;Object#c;Object#c;Object#d;Object#d 979",
    "(garbage collection) 936",
    "<main>;<main>;block in <main>;Object#a;Object#a;Object#c;Object#c;Object#d;Object#d 1075",
    "<main>;<main>;block in <main>;Object#a;Object#a;Object#b;Object#b;Object#d;Object#d 895",
    "(garbage collection) 2115",
    "<main>;<main>;block in <main>;Object#a;Object#a;Object#b;Object#b;Object#d;Object#d 1972",
    "(garbage collection) 1165",
    "<main>;<main>;block in <main>;Object#a;Object#a;Object#b;Object#b;Object#d;Object#d 713",
    "(garbage collection) 1139",
    "<main>;<main>;block in <main>;Object#a;Object#a;Object#b;Object#b;Object#d;Object#d 899",
    "(garbage collection) 1104",
    "<main>;<main>;block in <main>;Object#a;Object#a;Object#c;Object#c;Object#d;Object#d 4869",
    "<main>;<main>;block in <main>;Object#a;Object#a;Object#b;Object#b;Object#d;Object#d 2092",
    "(garbage collection) 3041",
    "<main>;<main>;block in <main>;Object#a;Object#a;Object#b;Object#b;Object#d;Object#d 1958",
    "<main>;<main>;block in <main>;Object#a;Object#a;Object#c;Object#c;Object#d;Object#d 997",
    "(garbage collection) 1092",
    "<main>;<main>;block in <main>;Object#a;Object#a;Object#c;Object#c;Object#d;Object#d 847",
    "(garbage collection) 1008",
    "<main>;<main>;block in <main>;Object#a;Object#a;Object#c;Object#c;Object#d;Object#d 2048",
    "(garbage collection) 2003",
    "<main>;<main>;block in <main>;Object#a;Object#a;Object#b;Object#b;Object#d;Object#d 3972",
    "(garbage collection) 1031",
    "<main>;<main>;block in <main>;Object#a;Object#a;Object#b;Object#b;Object#d;Object#d 986",
    "(garbage collection) 1001",
    "<main>;<main>;block in <main>;Object#a;Object#a;Object#c;Object#c;Object#d;Object#d 6986",
    "<main>;<main>;block in <main>;Object#a;Object#a;Object#b;Object#b;Object#d;Object#d 1999",
    "(garbage collection) 1023",
    "<main>;<main>;block in <main>;Object#a;Object#a;Object#b;Object#b;Object#d;Object#d 2927",
    "<main>;<main>;block in <main>;Object#a;Object#a;Object#c;Object#c;Object#d;Object#d 1051",
    "(garbage collection) 1006",
    "<main>;<main>;block in <main>;Object#a;Object#a;Object#c;Object#c;Object#d;Object#d 4980",
    "<main>;<main>;block in <main>;Object#a;Object#a;Object#b;Object#b;Object#d;Object#d 936",
    "(garbage collection) 1277",
    "<main>;<main>;block in <main>;Object#a;Object#a;Object#b;Object#b;Object#d;Object#d 780",
    "(garbage collection) 4029",
    "<main>;<main>;block in <main>;Object#a;Object#a;Object#b;Object#b;Object#d;Object#d 947",
    "<main>;<main>;block in <main>;Object#a;Object#a;Object#c;Object#c;Object#d;Object#d 2024",
    "(garbage collection) 983",
    "<main>;<main>;block in <main>;Object#a;Object#a;Object#c;Object#c;Object#d;Object#d 5006",
    "<main>;<main>;block in <main>;Object#a;Object#a;Object#b;Object#b;Object#d;Object#d 2881",
    "(garbage collection) 1169",
    "<main>;<main>;block in <main>;Object#a;Object#a;Object#b;Object#b;Object#d;Object#d 1938",
    "(garbage collection) 1029",
    "<main>;<main>;block in <main>;Object#a;Object#a;Object#c;Object#c;Object#d;Object#d 1950",
    "(garbage collection) 1015",
    "<main>;<main>;block in <main>;Object#a;Object#a;Object#c;Object#c;Object#d;Object#d 1984",
    "(garbage collection) 1672",
    "<main>;<main>;block in <main>;Object#a;Object#a;Object#c;Object#c;Object#d;Object#d 1267",
    "(garbage collection) 1139",
    "<main>;<main>;block in <main>;Object#a;Object#a;Object#c;Object#c;Object#d;Object#d 1824",
    "(garbage collection) 1121",
    "<main>;<main>;block in <main>;Object#a;Object#a;Object#b;Object#b;Object#d;Object#d 5932",
    "(garbage collection) 2024",
    "<main>;<main>;block in <main>;Object#a;Object#a;Object#c;Object#c;Object#d;Object#d 1887",
    "(garbage collection) 1136",
    "<main>;<main>;block in <main>;Object#a;Object#a;Object#c;Object#c;Object#d;Object#d 1950",
    "<main>;<main>;block in <main>;Object#a;Object#a;Object#b;Object#b;Object#d;Object#d 6993",
    "<main>;<main>;block in <main>;Object#a;Object#a;Object#c;Object#c;Object#d;Object#d 1010",
    "(garbage collection) 951",
    "<main>;<main>;block in <main>;Object#a;Object#a;Object#c;Object#c;Object#d;Object#d 4036",
    "(garbage collection) 1115",
    "<main>;<main>;block in <main>;Object#a;Object#a;Object#c;Object#c;Object#d;Object#d 836",
    "(garbage collection) 1048",
    "<main>;<main>;block in <main>;Object#a;Object#a;Object#b;Object#b;Object#d;Object#d 996",
    "(garbage collection) 908",
    "<main>;<main>;block in <main>;Object#a;Object#a;Object#b;Object#b;Object#d;Object#d 1101",
    "(garbage collection) 883",
    "<main>;<main>;block in <main>;Object#a;Object#a;Object#b;Object#b;Object#d;Object#d 3098",
    "<main>;<main>;block in <main>;Object#a;Object#a;Object#c;Object#c;Object#d;Object#d 2003",
    "(garbage collection) 898",
    "<main>;<main>;block in <main>;Object#a;Object#a;Object#c;Object#c;Object#d;Object#d 2096",
    "(garbage collection) 969",
    "<main>;<main>;block in <main>;Object#a;Object#a;Object#c;Object#c;Object#d;Object#d 1009",
    "(garbage collection) 913",
    "<main>;<main>;block in <main>;Object#a;Object#a;Object#c;Object#c;Object#d;Object#d 1366",
    "(garbage collection) 681",
    "<main>;<main>;block in <main>;Object#a;Object#a;Object#b;Object#b;Object#d;Object#d 2933",
    "(garbage collection) 1098",
    "<main>;<main>;block in <main>;Object#a;Object#a;Object#b;Object#b;Object#d;Object#d 904",
    "(garbage collection) 1046",
    "<main>;<main>;block in <main>;Object#a;Object#a;Object#b;Object#b;Object#d;Object#d 4960",
    "<main>;<main>;block in <main>;Object#a;Object#a;Object#c;Object#c;Object#d;Object#d 3181",
    "(garbage collection) 899",
    "<main>;<main>;block in <main>;Object#a;Object#a;Object#c;Object#c;Object#d;Object#d 2984",
    "(garbage collection) 1171",
    "<main>;<main>;block in <main>;Object#a;Object#a;Object#b;Object#b;Object#d;Object#d 5822",
    "<main>;<main>;block in <main>;Object#a;Object#a;Object#c;Object#c;Object#d;Object#d 3005",
    "(garbage collection) 1011",
    "<main>;<main>;block in <main>;Object#a;Object#a;Object#c;Object#c;Object#d;Object#d 2984",
    "<main>;<main>;block in <main>;Object#a;Object#a;Object#b;Object#b;Object#d;Object#d 990",
    "(garbage collection) 1017",
    "<main>;<main>;block in <main>;Object#a;Object#a;Object#b;Object#b;Object#d;Object#d 963",
    "(garbage collection) 1047",
    "<main>;<main>;block in <main>;Object#a;Object#a;Object#b;Object#b;Object#d;Object#d 2962",
    "(garbage collection) 2020",
    "<main>;<main>;block in <main>;Object#a;Object#a;Object#c;Object#c;Object#d;Object#d 979",
    "(garbage collection) 956",
    "<main>;<main>;block in <main>;Object#a;Object#a;Object#c;Object#c;Object#d;Object#d 1050",
    "(garbage collection) 3000",
    "<main>;<main>;block in <main>;Object#a;Object#a;Object#b;Object#b;Object#d;Object#d 2983",
    "(garbage collection) 1098",
    "<main>;<main>;block in <main>;Object#a;Object#a;Object#b;Object#b;Object#d;Object#d 2891",
    "(garbage collection) 1126",
    "<main>;<main>;block in <main>;Object#a;Object#a;Object#c;Object#c;Object#d;Object#d 774",
    "(garbage collection) 1131",
    "<main>;<main>;block in <main>;Object#a;Object#a;Object#c;Object#c;Object#d;Object#d 966",
    "(garbage collection) 1076",
    "<main>;<main>;block in <main>;Object#a;Object#a;Object#c;Object#c;Object#d;Object#d 803",
    "(garbage collection) 1148",
    "<main>;<main>;block in <main>;Object#a;Object#a;Object#c;Object#c;Object#d;Object#d 969",
    "<main>;<main>;block in <main>;Object#a;Object#a;Object#b;Object#b;Object#d;Object#d 3986",
    "(garbage collection) 1012",
    "<main>;<main>;block in <main>;Object#a;Object#a;Object#b;Object#b;Object#d;Object#d 992",
    "<main>;<main>;block in <main>;Object#a;Object#a;Object#c;Object#c;Object#d;Object#d 3993",
    "(garbage collection) 2021",
    "<main>;<main>;block in <main>;Object#a;Object#a;Object#c;Object#c;Object#d;Object#d 977",
    "<main>;<main>;block in <main>;Object#a;Object#a;Object#b;Object#b;Object#d;Object#d 1993",
    "(garbage collection) 2008",
    "<main>;<main>;block in <main>;Object#a;Object#a;Object#b;Object#b;Object#d;Object#d 1989",
    "(garbage collection) 1008",
    "<main>;<main>;block in <main>;Object#a;Object#a;Object#c;Object#c;Object#d;Object#d 979",
    "(garbage collection) 1123",
    "<main>;<main>;block in <main>;Object#a;Object#a;Object#c;Object#c;Object#d;Object#d 885",
    "(garbage collection) 1001",
    "<main>;<main>;block in <main>;Object#a;Object#a;Object#c;Object#c;Object#d;Object#d 2002",
    "(garbage collection) 918",
    "<main>;<main>;block in <main>;Object#a;Object#a;Object#b;Object#b;Object#d;Object#d 1084",
    "(garbage collection) 1020",
    "<main>;<main>;block in <main>;Object#a;Object#a;Object#b;Object#b;Object#d;Object#d 968",
    "(garbage collection) 997",
    "<main>;<main>;block in <main>;Object#a;Object#a;Object#b;Object#b;Object#d;Object#d 2001",
    "<main>;<main>;block in <main>;Object#a;Object#a;Object#c;Object#c;Object#d;Object#d 1993",
    "(garbage collection) 5923",
    "<main>;<main>;block in <main>;Object#a;Object#a;Object#b;Object#b;Object#d;Object#d 7955",
    "<main>;<main>;block in <main>;Object#a;Object#a;Object#c;Object#c;Object#d;Object#d 6104",
    "<main>;<main>;block in <main>;Object#a;Object#a;Object#b;Object#b;Object#d;Object#d 5993",
    "(garbage collection) 2001",
    "<main>;<main>;block in <main>;Object#a;Object#a;Object#c;Object#c;Object#d;Object#d 987",
    "(garbage collection) 1014",
    "<main>;<main>;block in <main>;Object#a;Object#a;Object#c;Object#c;Object#d;Object#d 987",
    "(garbage collection) 980",
    "<main>;<main>;block in <main>;Object#a;Object#a;Object#c;Object#c;Object#d;Object#d 2023",
    "<main>;<main>;block in <main>;Object#a;Object#a;Object#b;Object#b;Object#d;Object#d 990",
    "(garbage collection) 1010",
    "<main>;<main>;block in <main>;Object#a;Object#a;Object#b;Object#b;Object#d;Object#d 4985",
    "<main>;<main>;block in <main>;Object#a;Object#a;Object#c;Object#c;Object#d;Object#d 5995",
    "(garbage collection) 984",
    "<main>;<main>;block in <main>;Object#a;Object#a;Object#c;Object#c;Object#d;Object#d 977",
    "(garbage collection) 997",
    "<main>;<main>;block in <main>;Object#a;Object#a;Object#b;Object#b;Object#d;Object#d 2023",
    "(garbage collection) 1002",
    "<main>;<main>;block in <main>;Object#a;Object#a;Object#b;Object#b;Object#d;Object#d 1990",
    "(garbage collection) 1003",
    "<main>;<main>;block in <main>;Object#a;Object#a;Object#b;Object#b;Object#d;Object#d 995",
    "<main>;<main>;block in <main>;Object#a;Object#a;Object#c;Object#c;Object#d;Object#d 1878",
    "(garbage collection) 1170",
    "<main>;<main>;block in <main>;Object#a;Object#a;Object#c;Object#c;Object#d;Object#d 1948",
    "(garbage collection) 1010",
    "<main>;<main>;block in <main>;Object#a;Object#a;Object#c;Object#c;Object#d;Object#d 1881",
    "<main>;<main>;block in <main>;Object#a;Object#a;Object#b;Object#b;Object#d;Object#d 1104",
    "(garbage collection) 999",
    "<main>;<main>;block in <main>;Object#a;Object#a;Object#b;Object#b;Object#d;Object#d 1009",
    "(garbage collection) 937",
    "<main>;<main>;block in <main>;Object#a;Object#a;Object#b;Object#b;Object#d;Object#d 3038",
    "<main>;<main>;block in <main>;Object#a;Object#a;Object#c;Object#c;Object#d;Object#d 4972",
    "(garbage collection) 1049",
    "<main>;<main>;block in <main>;Object#a;Object#a;Object#c;Object#c;Object#d;Object#d 861",
    "<main>;<main>;block in <main>;Object#a;Object#a;Object#b;Object#b;Object#d;Object#d 4107",
    "(garbage collection) 1000",
    "<main>;<main>;block in <main>;Object#a;Object#a;Object#b;Object#b;Object#d;Object#d 2997",
    "<main>;<main>;block in <main>;Object#a;Object#a;Object#c;Object#c;Object#d;Object#d 5991",
    "<main>;<main>;block in <main>;Object#a;Object#a;Object#b;Object#b;Object#d;Object#d 1004",
    "(garbage collection) 1966",
    "<main>;<main>;block in <main>;Object#a;Object#a;Object#b;Object#b;Object#d;Object#d 3028",
    "(garbage collection) 1118",
    "<main>;<main>;block in <main>;Object#a;Object#a;Object#c;Object#c;Object#d;Object#d 1871",
    "(garbage collection) 1011",
    "<main>;<main>;block in <main>;Object#a;Object#a;Object#c;Object#c;Object#d;Object#d 942",
    "(garbage collection) 1077",
    "<main>;<main>;block in <main>;Object#a;Object#a;Object#c;Object#c;Object#d;Object#d 1971",
    "<main>;<main>;block in <main>;Object#a;Object#a;Object#b;Object#b;Object#d;Object#d 5988",
    "(garbage collection) 1008",
    "<main>;<main>;block in <main>;Object#a;Object#a;Object#c;Object#c;Object#d;Object#d 986",
    "(garbage collection) 1015",
    "<main>;<main>;block in <main>;Object#a;Object#a;Object#c;Object#c;Object#d;Object#d 2939",
    "(garbage collection) 2073",
    "<main>;<main>;block in <main>;Object#a;Object#a;Object#b;Object#b;Object#d;Object#d 6911",
    "<main>;<main>;block in <main>;Object#a;Object#a;Object#c;Object#c;Object#d;Object#d 7035",
    "<main>;<main>;block in <main>;Object#a;Object#a;Object#b;Object#b;Object#d;Object#d 4001",
    "(garbage collection) 2017",
    "<main>;<main>;block in <main>;Object#a;Object#a;Object#c;Object#c;Object#d;Object#d 3978",
    "(garbage collection) 1045",
    "<main>;<main>;block in <main>;Object#a;Object#a;Object#c;Object#c;Object#d;Object#d 949",
    "(garbage collection) 1005",
    "<main>;<main>;block in <main>;Object#a;Object#a;Object#c;Object#c;Object#d;Object#d 992",
    "<main>;<main>;block in <main>;Object#a;Object#a;Object#b;Object#b;Object#d;Object#d 2000",
    "(garbage collection) 955",
    "<main>;<main>;block in <main>;Object#a;Object#a;Object#b;Object#b;Object#d;Object#d 1072",
    "(garbage collection) 1195",
    "<main>;<main>;block in <main>;Object#a;Object#a;Object#b;Object#b;Object#d;Object#d 769",
    "(garbage collection) 3115",
    "<main>;<main>;block in <main>;Object#a;Object#a;Object#c;Object#c;Object#d;Object#d 6922",
    "<main>;<main>;block in <main>;Object#a;Object#a;Object#b;Object#b;Object#d;Object#d 6935",
    "<main>;<main>;block in <main>;Object#a;Object#a;Object#c;Object#c;Object#d;Object#d 999",
    "(garbage collection) 2060",
    "<main>;<main>;block in <main>;Object#a;Object#a;Object#c;Object#c;Object#d;Object#d 4933",
    "(garbage collection) 3040",
    "<main>;<main>;block in <main>;Object#a;Object#a;Object#b;Object#b;Object#d;Object#d 954",
    "(garbage collection) 1006",
    "<main>;<main>;block in <main>;Object#a;Object#a;Object#b;Object#b;Object#d;Object#d 2018",
    "(garbage collection) 995",
    "<main>;<main>;block in <main>;Object#a;Object#a;Object#c;Object#c;Object#d;Object#d 971",
    "(garbage collection) 1005",
    "<main>;<main>;block in <main>;Object#a;Object#a;Object#c;Object#c;Object#d;Object#d 2987",
    "(garbage collection) 1047",
    "<main>;<main>;block in <main>;Object#a;Object#a;Object#c;Object#c;Object#d;Object#d 901",
    "<main>;<main>;block in <main>;Object#a;Object#a;Object#b;Object#b;Object#d;Object#d 2042",
    "(garbage collection) 1011",
    "<main>;<main>;block in <main>;Object#a;Object#a;Object#b;Object#b;Object#d;Object#d 2887",
    "(garbage collection) 1095",
    "<main>;<main>;block in <main>;Object#a;Object#a;Object#b;Object#b;Object#d;Object#d 881",
    "<main>;<main>;block in <main>;Object#a;Object#a;Object#c;Object#c;Object#d;Object#d 1116",
    "(garbage collection) 2009",
    "<main>;<main>;block in <main>;Object#a;Object#a;Object#c;Object#c;Object#d;Object#d 3970",
    "(garbage collection) 997",
    "<main>;<main>;block in <main>;Object#a;Object#a;Object#b;Object#b;Object#d;Object#d 954",
    "(garbage collection) 1053",
    "<main>;<main>;block in <main>;Object#a;Object#a;Object#b;Object#b;Object#d;Object#d 1987",
    "(garbage collection) 1168",
    "<main>;<main>;block in <main>;Object#a;Object#a;Object#b;Object#b;Object#d;Object#d 907",
    "(garbage collection) 834",
    "<main>;<main>;block in <main>;Object#a;Object#a;Object#c;Object#c;Object#d;Object#d 1090",
    "(garbage collection) 2001",
    "<main>;<main>;block in <main>;Object#a;Object#a;Object#c;Object#c;Object#d;Object#d 993",
    "(garbage collection) 1101",
    "<main>;<main>;block in <main>;Object#a;Object#a;Object#c;Object#c;Object#d;Object#d 3889",
    "<main>;<main>;block in <main>;Object#a;Object#a;Object#b;Object#b;Object#d;Object#d 2992",
    "(garbage collection) 1026",
    "<main>;<main>;block in <main>;Object#a;Object#a;Object#b;Object#b;Object#d;Object#d 1974",
    "(garbage collection) 923",
    "<main>;<main>;block in <main>;Object#a;Object#a;Object#c;Object#c;Object#d;Object#d 1099",
    "(garbage collection) 977",
    "<main>;<main>;block in <main>;Object#a;Object#a;Object#c;Object#c;Object#d;Object#d 2996",
    "(garbage collection) 1020",
    "<main>;<main>;block in <main>;Object#a;Object#a;Object#b;Object#b;Object#d;Object#d 7969",
    "(garbage collection) 1010",
    "<main>;<main>;block in <main>;Object#a;Object#a;Object#c;Object#c;Object#d;Object#d 2981",
    "(garbage collection) 903",
    "<main>;<main>;block in <main>;Object#a;Object#a;Object#c;Object#c;Object#d;Object#d 1115",
    "(garbage collection) 1008",
    "<main>;<main>;block in <main>;Object#a;Object#a;Object#b;Object#b;Object#d;Object#d 1976",
    "(garbage collection) 943",
    "<main>;<main>;block in <main>;Object#a;Object#a;Object#b;Object#b;Object#d;Object#d 1063",
    "(garbage collection) 2998",
    "<main>;<main>;block in <main>;Object#a;Object#a;Object#b;Object#b;Object#d;Object#d 982",
    "<main>;<main>;block in <main>;Object#a;Object#a;Object#c;Object#c;Object#d;Object#d 1997",
    "(garbage collection) 948",
    "<main>;<main>;block in <main>;Object#a;Object#a;Object#c;Object#c;Object#d;Object#d 2040",
    "(garbage collection) 1921",
    "<main>;<main>;block in <main>;Object#a;Object#a;Object#c;Object#c;Object#d;Object#d 1089",
    "<main>;<main>;block in <main>;Object#a;Object#a;Object#b;Object#b;Object#d;Object#d 990",
    "(garbage collection) 3001",
    "<main>;<main>;block in <main>;Object#a;Object#a;Object#b;Object#b;Object#d;Object#d 993",
    "(garbage collection) 922",
    "<main>;<main>;block in <main>;Object#a;Object#a;Object#b;Object#b;Object#d;Object#d 1087",
    "(garbage collection) 1133",
    "<main>;<main>;block in <main>;Object#a;Object#a;Object#b;Object#b;Object#d;Object#d 854",
    "(garbage collection) 1024",
    "<main>;<main>;block in <main>;Object#a;Object#a;Object#c;Object#c;Object#d;Object#d 1974",
    "(garbage collection) 1992",
    "<main>;<main>;block in <main>;Object#a;Object#a;Object#c;Object#c;Object#d;Object#d 1964",
    "(garbage collection) 1167",
    "<main>;<main>;block in <main>;Object#a;Object#a;Object#b;Object#b;Object#d;Object#d 5823",
    "(garbage collection) 1060",
    "<main>;<main>;block in <main>;Object#a;Object#a;Object#c;Object#c;Object#d;Object#d 976",
    "(garbage collection) 1025",
    "<main>;<main>;block in <main>;Object#a;Object#a;Object#c;Object#c;Object#d;Object#d 976",
    "(garbage collection) 1016",
    "<main>;<main>;block in <main>;Object#a;Object#a;Object#c;Object#c;Object#d;Object#d 922",
    "(garbage collection) 1264",
    "<main>;<main>;block in <main>;Object#a;Object#a;Object#c;Object#c;Object#d;Object#d 683",
    "(garbage collection) 1119",
    "<main>;<main>;block in <main>;Object#a;Object#a;Object#c;Object#c;Object#d;Object#d 989",
    "<main>;<main>;block in <main>;Object#a;Object#a;Object#b;Object#b;Object#d;Object#d 6996",
    "(garbage collection) 996",
    "<main>;<main>;block in <main>;Object#a;Object#a;Object#c;Object#c;Object#d;Object#d 3912",
    "(garbage collection) 1013",
    "<main>;<main>;block in <main>;Object#a;Object#a;Object#c;Object#c;Object#d;Object#d 1931",
    "<main>;<main>;block in <main>;Object#a;Object#a;Object#b;Object#b;Object#d;Object#d 1128",
    "(garbage collection) 2019",
    "<main>;<main>;block in <main>;Object#a;Object#a;Object#b;Object#b;Object#d;Object#d 4882",
    "<main>;<main>;block in <main>;Object#a;Object#a;Object#c;Object#c;Object#d;Object#d 3080",
    "(garbage collection) 1073",
    "<main>;<main>;block in <main>;Object#a;Object#a;Object#c;Object#c;Object#d;Object#d 1805",
    "(garbage collection) 1120",
    "<main>;<main>;block in <main>;Object#a;Object#a;Object#c;Object#c;Object#d;Object#d 1952",
    "<main>;<main>;block in <main>;Object#a;Object#a;Object#b;Object#b;Object#d;Object#d 2038",
    "(garbage collection) 1024",
    "<main>;<main>;block in <main>;Object#a;Object#a;Object#b;Object#b;Object#d;Object#d 973",
    "(garbage collection) 1022",
    "<main>;<main>;block in <main>;Object#a;Object#a;Object#b;Object#b;Object#d;Object#d 2975",
    "(garbage collection) 2013",
    "<main>;<main>;block in <main>;Object#a;Object#a;Object#c;Object#c;Object#d;Object#d 997",
    "(garbage collection) 980",
    "<main>;<main>;block in <main>;Object#a;Object#a;Object#c;Object#c;Object#d;Object#d 1001",
    "(garbage collection) 1111",
    "<main>;<main>;block in <main>;Object#a;Object#a;Object#c;Object#c;Object#d;Object#d 1892",
    "<main>;<main>;block in <main>;Object#a;Object#a;Object#b;Object#b;Object#d;Object#d 4988",
    "(garbage collection) 1077",
    "<main>;<main>;block in <main>;Object#a;Object#a;Object#b;Object#b;Object#d;Object#d 872",
    "(garbage collection) 1061",
    "<main>;<main>;block in <main>;Object#a;Object#a;Object#c;Object#c;Object#d;Object#d 982",
    "(garbage collection) 966",
    "<main>;<main>;block in <main>;Object#a;Object#a;Object#c;Object#c;Object#d;Object#d 2025",
    "(garbage collection) 1037",
    "<main>;<main>;block in <main>;Object#a;Object#a;Object#c;Object#c;Object#d;Object#d 1897",
    "<main>;<main>;block in <main>;Object#a;Object#a;Object#b;Object#b;Object#d;Object#d 3033",
    "(garbage collection) 2036",
    "<main>;<main>;block in <main>;Object#a;Object#a;Object#b;Object#b;Object#d;Object#d 3982",
    "<main>;<main>;block in <main>;Object#a;Object#a;Object#c;Object#c;Object#d;Object#d 997",
    "(garbage collection) 994",
    "<main>;<main>;block in <main>;Object#a;Object#a;Object#c;Object#c;Object#d;Object#d 5989",
    "<main>;<main>;block in <main>;Object#a;Object#a;Object#b;Object#b;Object#d;Object#d 1045",
    "(garbage collection) 1976",
    "<main>;<main>;block in <main>;Object#a;Object#a;Object#b;Object#b;Object#d;Object#d 1005",
    "(garbage collection) 968",
    "<main>;<main>;block in <main>;Object#a;Object#a;Object#b;Object#b;Object#d;Object#d 3001",
    "<main>;<main>;block in <main>;Object#a;Object#a;Object#c;Object#c;Object#d;Object#d 5990",
    "(garbage collection) 1065",
    "<main>;<main>;block in <main>;Object#a;Object#a;Object#b;Object#b;Object#d;Object#d 3916",
    "(garbage collection) 1103",
    "<main>;<main>;block in <main>;Object#a;Object#a;Object#b;Object#b;Object#d;Object#d 1891",
    "(garbage collection) 962",
    "<main>;<main>;block in <main>;Object#a;Object#a;Object#c;Object#c;Object#d;Object#d 1042",
    "(garbage collection) 2970",
    "<main>;<main>;block in <main>;Object#a;Object#a;Object#c;Object#c;Object#d;Object#d 3939",
    "<main>;<main>;block in <main>;Object#a;Object#a;Object#b;Object#b;Object#d;Object#d 7048",
    "(garbage collection) 956",
    "<main>;<main>;block in <main>;Object#a;Object#a;Object#c;Object#c;Object#d;Object#d 3980",
    "(garbage collection) 1092",
    "<main>;<main>;block in <main>;Object#a;Object#a;Object#c;Object#c;Object#d;Object#d 1963",
    "(garbage collection) 1049",
    "<main>;<main>;block in <main>;Object#a;Object#a;Object#b;Object#b;Object#d;Object#d 1948",
    "(garbage collection) 1015",
    "<main>;<main>;block in <main>;Object#a;Object#a;Object#b;Object#b;Object#d;Object#d 982",
    "(garbage collection) 1031",
    "<main>;<main>;block in <main>;Object#a;Object#a;Object#b;Object#b;Object#d;Object#d 2896",
    "<main>;<main>;block in <main>;Object#a;Object#a;Object#c;Object#c;Object#d;Object#d 4013",
    "(garbage collection) 1091",
    "<main>;<main>;block in <main>;Object#a;Object#a;Object#c;Object#c;Object#d;Object#d 956",
    "(garbage collection) 1019",
    "<main>;<main>;block in <main>;Object#a;Object#a;Object#b;Object#b;Object#d;Object#d 5983",
    "(garbage collection) 1044",
    "<main>;<main>;block in <main>;Object#a;Object#a;Object#c;Object#c;Object#d;Object#d 2941",
    "(garbage collection) 1276",
    "<main>;<main>;block in <main>;Object#a;Object#a;Object#c;Object#c;Object#d;Object#d 1650",
    "(garbage collection) 1100",
    "<main>;<main>;block in <main>;Object#a;Object#a;Object#c;Object#c;Object#d;Object#d 925",
    "<main>;<main>;block in <main>;Object#a;Object#a;Object#b;Object#b;Object#d;Object#d 4036",
    "(garbage collection) 1000",
    "<main>;<main>;block in <main>;Object#a;Object#a;Object#b;Object#b;Object#d;Object#d 950",
    "(garbage collection) 1072",
    "<main>;<main>;block in <main>;Object#a;Object#a;Object#c;Object#c;Object#d;Object#d 5968",
    "(garbage collection) 933",
    "<main>;<main>;block in <main>;Object#a;Object#a;Object#b;Object#b;Object#d;Object#d 4067",
    "(garbage collection) 990",
    "<main>;<main>;block in <main>;Object#a;Object#a;Object#b;Object#b;Object#d;Object#d 1001",
    "(garbage collection) 998",
    "<main>;<main>;block in <main>;Object#a;Object#a;Object#c;Object#c;Object#d;Object#d 929",
    "(garbage collection) 1085",
    "<main>;<main>;block in <main>;Object#a;Object#a;Object#c;Object#c;Object#d;Object#d 1907",
    "(garbage collection) 1156",
    "<main>;<main>;block in <main>;Object#a;Object#a;Object#c;Object#c;Object#d;Object#d 1907",
    "(garbage collection) 1176",
    "<main>;<main>;block in <main>;Object#a;Object#a;Object#b;Object#b;Object#d;Object#d 766",
    "(garbage collection) 1056",
    "<main>;<main>;block in <main>;Object#a;Object#a;Object#b;Object#b;Object#d;Object#d 2913",
    "(garbage collection) 1101",
    "<main>;<main>;block in <main>;Object#a;Object#a;Object#b;Object#b;Object#d;Object#d 969",
    "(garbage collection) 1003",
    "<main>;<main>;block in <main>;Object#a;Object#a;Object#c;Object#c;Object#d;Object#d 882",
    "(garbage collection) 1133",
    "<main>;<main>;block in <main>;Object#a;Object#a;Object#c;Object#c;Object#d;Object#d 2986",
    "(garbage collection) 2476",
    "<main>;<main>;block in <main>;Object#a;Object#a;Object#c;Object#c;Object#d;Object#d 510",
    "(garbage collection) 1017",
    "<main>;<main>;block in <main>;Object#a;Object#a;Object#b;Object#b;Object#d;Object#d 4958",
    "(garbage collection) 3027",
    "<main>;<main>;block in <main>;Object#a;Object#a;Object#c;Object#c;Object#d;Object#d 4976",
    "(garbage collection) 1000",
    "<main>;<main>;block in <main>;Object#a;Object#a;Object#b;Object#b;Object#d;Object#d 5025",
    "(garbage collection) 2998",
    "<main>;<main>;block in <main>;Object#a;Object#a;Object#c;Object#c;Object#d;Object#d 1969",
    "(garbage collection) 1022",
    "<main>;<main>;block in <main>;Object#a;Object#a;Object#c;Object#c;Object#d;Object#d 1982",
    "(garbage collection) 1006",
    "<main>;<main>;block in <main>;Object#a;Object#a;Object#c;Object#c;Object#d;Object#d 1898",
    "(garbage collection) 1105",
    "<main>;<main>;block in <main>;Object#a;Object#a;Object#b;Object#b;Object#d;Object#d 2976",
    "(garbage collection) 1070",
    "<main>;<main>;block in <main>;Object#a;Object#a;Object#b;Object#b;Object#d;Object#d 1925",
    "(garbage collection) 1024",
    "<main>;<main>;block in <main>;Object#a;Object#a;Object#c;Object#c;Object#d;Object#d 1967",
    "(garbage collection) 1017",
    "<main>;<main>;block in <main>;Object#a;Object#a;Object#c;Object#c;Object#d;Object#d 970",
    "(garbage collection) 1049",
    "<main>;<main>;block in <main>;Object#a;Object#a;Object#c;Object#c;Object#d;Object#d 1999",
    "(garbage collection) 981",
    "<main>;<main>;block in <main>;Object#a;Object#a;Object#c;Object#c;Object#d;Object#d 975",
    "<main>;<main>;block in <main>;Object#a;Object#a;Object#b;Object#b;Object#d;Object#d 2996",
    "(garbage collection) 1018",
    "<main>;<main>;block in <main>;Object#a;Object#a;Object#b;Object#b;Object#d;Object#d 1987",
    "(garbage collection) 991",
    "<main>;<main>;block in <main>;Object#a;Object#a;Object#b;Object#b;Object#d;Object#d 994",
    "(garbage collection) 1008",
    "<main>;<main>;block in <main>;Object#a;Object#a;Object#c;Object#c;Object#d;Object#d 990",
    "(garbage collection) 2031",
    "<main>;<main>;block in <main>;Object#a;Object#a;Object#c;Object#c;Object#d;Object#d 902",
    "(garbage collection) 1946",
    "<main>;<main>;block in <main>;Object#a;Object#a;Object#c;Object#c;Object#d;Object#d 2118",
    "<main>;<main>;block in <main>;Object#a;Object#a;Object#b;Object#b;Object#d;Object#d 7007",
    "<main>;<main>;block in <main>;Object#a;Object#a;Object#c;Object#c;Object#d;Object#d 2890",
    "(garbage collection) 2104",
    "<main>;<main>;block in <main>;Object#a;Object#a;Object#c;Object#c;Object#d;Object#d 967",
    "(garbage collection) 2088",
    "<main>;<main>;block in <main>;Object#a;Object#a;Object#b;Object#b;Object#d;Object#d 2839",
    "(garbage collection) 1095",
    "<main>;<main>;block in <main>;Object#a;Object#a;Object#b;Object#b;Object#d;Object#d 3978",
    "<main>;<main>;block in <main>;Object#a;Object#a;Object#c;Object#c;Object#d;Object#d 6990",
    "<main>;<main>;block in <main>;Object#a;Object#a;Object#b;Object#b;Object#d;Object#d 2992",
    "(garbage collection) 2045",
    "<main>;<main>;block in <main>;Object#a;Object#a;Object#b;Object#b;Object#d;Object#d 1947",
    "<main>;<main>;block in <main>;Object#a;Object#a;Object#c;Object#c;Object#d;Object#d 1931",
    "(garbage collection) 2111",
    "<main>;<main>;block in <main>;Object#a;Object#a;Object#c;Object#c;Object#d;Object#d 3880",
    "<main>;<main>;block in <main>;Object#a;Object#a;Object#b;Object#b;Object#d;Object#d 1070",
    "(garbage collection) 974",
    "<main>;<main>;block in <main>;Object#a;Object#a;Object#b;Object#b;Object#d;Object#d 1043",
    "(garbage collection) 2009",
    "<main>;<main>;block in <main>;Object#a;Object#a;Object#b;Object#b;Object#d;Object#d 2963",
    "<main>;<main>;block in <main>;Object#a;Object#a;Object#c;Object#c;Object#d;Object#d 1997",
    "(garbage collection) 1007",
    "<main>;<main>;block in <main>;Object#a;Object#a;Object#c;Object#c;Object#d;Object#d 1987",
    "(garbage collection) 1020",
    "<main>;<main>;block in <main>;Object#a;Object#a;Object#c;Object#c;Object#d;Object#d 976",
    "<main>;<main>;block in <main>;Object#a;Object#a;Object#b;Object#b;Object#d;Object#d 1001",
    "(garbage collection) 1024",
    "<main>;<main>;block in <main>;Object#a;Object#a;Object#b;Object#b;Object#d;Object#d 974",
    "(garbage collection) 925",
    "<main>;<main>;block in <main>;Object#a;Object#a;Object#b;Object#b;Object#d;Object#d 1084",
    "(garbage collection) 994",
    "<main>;<main>;block in <main>;Object#a;Object#a;Object#b;Object#b;Object#d;Object#d 1992",
    "<main>;<main>;block in <main>;Object#a;Object#a;Object#c;Object#c;Object#d;Object#d 1868",
    "(garbage collection) 1155",
    "<main>;<main>;block in <main>;Object#a;Object#a;Object#c;Object#c;Object#d;Object#d 2962",
    "(garbage collection) 1017",
    "<main>;<main>;block in <main>;Object#a;Object#a;Object#c;Object#c;Object#d;Object#d 1982",
    "(garbage collection) 1005",
    "<main>;<main>;block in <main>;Object#a;Object#a;Object#b;Object#b;Object#d;Object#d 994",
    "(garbage collection) 932",
    "<main>;<main>;block in <main>;Object#a;Object#a;Object#b;Object#b;Object#d;Object#d 5063",
    "(garbage collection) 1045",
    "<main>;<main>;block in <main>;Object#a;Object#a;Object#c;Object#c;Object#d;Object#d 2938",
    "(garbage collection) 1079",
    "<main>;<main>;block in <main>;Object#a;Object#a;Object#c;Object#c;Object#d;Object#d 1929",
  ],
}
`;
